// Vitest Snapshot v1, https://vitest.dev/guide/snapshot.html

exports[`plan generation — golden sweep > matches the committed snapshot 1`] = `
[
  {
    "config": "1d/full_gym/strength",
    "days": [
      "Full Body — Squat Focus",
    ],
    "prescription": [
      "Full Body — Squat Focus: bench-press 3×5-7@55 | squat 3×5-7@85 | pull-ups~ 4×8-12@0 | deadlift~ 3×8-12@100 | cable-crunch~ 2×12-16@35",
    ],
    "splitType": "full_body",
    "volume": {
      "Back": "8.5 (ok)",
      "Biceps": "2 (LOW)",
      "Chest": "3 (LOW)",
      "Core": "8 (ok)",
      "Glutes": "3 (LOW)",
      "Hamstrings": "3 (LOW)",
      "Quads": "3 (LOW)",
      "Shoulders": "3.5 (LOW)",
      "Triceps": "1.5 (LOW)",
    },
  },
  {
    "config": "1d/full_gym/hypertrophy",
    "days": [
      "Full Body — Squat Focus",
    ],
    "prescription": [
      "Full Body — Squat Focus: bench-press 3×8-12@55 | squat 3×8-12@85 | pull-ups~ 5×12-15@0 | deadlift~ 5×12-15@100 | cable-crunch~ 2×12-15@35",
    ],
    "splitType": "full_body",
    "volume": {
      "Back": "12.5 (ok)",
      "Biceps": "2.5 (LOW)",
      "Chest": "3 (LOW)",
      "Core": "9.5 (LOW)",
      "Glutes": "4 (LOW)",
      "Hamstrings": "4 (LOW)",
      "Quads": "3 (LOW)",
      "Shoulders": "4 (LOW)",
      "Triceps": "1.5 (LOW)",
    },
  },
  {
    "config": "1d/full_gym/fat_loss",
    "days": [
      "Full Body — Squat Focus",
    ],
    "prescription": [
      "Full Body — Squat Focus: bench-press 3×12-15@55 | squat 3×12-15@85 | pull-ups~ 3×15@0 | deadlift~ 3×15-20@100 | cable-crunch~ 2×12-17@35",
    ],
    "splitType": "full_body",
    "volume": {
      "Back": "7.5 (ok)",
      "Biceps": "1.5 (LOW)",
      "Chest": "3 (LOW)",
      "Core": "7.5 (ok)",
      "Glutes": "3 (LOW)",
      "Hamstrings": "3 (LOW)",
      "Quads": "3 (LOW)",
      "Shoulders": "3 (LOW)",
      "Triceps": "1.5 (LOW)",
    },
  },
  {
    "config": "1d/full_gym/general",
    "days": [
      "Full Body — Squat Focus",
    ],
    "prescription": [
      "Full Body — Squat Focus: bench-press 3×8-12@55 | squat 3×8-12@85 | pull-ups~ 4×12-15@0 | deadlift~ 3×12-15@100 | cable-crunch~ 2×12-15@35",
    ],
    "splitType": "full_body",
    "volume": {
      "Back": "8.5 (ok)",
      "Biceps": "2 (LOW)",
      "Chest": "3 (LOW)",
      "Core": "8 (ok)",
      "Glutes": "3 (LOW)",
      "Hamstrings": "3 (LOW)",
      "Quads": "3 (LOW)",
      "Shoulders": "3.5 (LOW)",
      "Triceps": "1.5 (LOW)",
    },
  },
  {
    "config": "1d/full_gym/running",
    "days": [
      "Full Body — Squat Focus",
    ],
    "prescription": [
      "Full Body — Squat Focus: bench-press 3×8-12@55 | squat 3×8-12@85 | pull-ups~ 3×12-15@0 | deadlift~ 3×12-15@100 | cable-crunch~ 2×12-15@35",
    ],
    "splitType": "full_body",
    "volume": {
      "Back": "7.5 (ok)",
      "Biceps": "1.5 (LOW)",
      "Chest": "3 (LOW)",
      "Core": "7.5 (ok)",
      "Glutes": "3 (LOW)",
      "Hamstrings": "3 (LOW)",
      "Quads": "3 (LOW)",
      "Shoulders": "3 (LOW)",
      "Triceps": "1.5 (LOW)",
    },
  },
  {
    "config": "1d/home_gym/strength",
    "days": [
      "Full Body — Squat Focus",
    ],
    "prescription": [
      "Full Body — Squat Focus: db-bench 3×5-7@20 | bulgarian-split 3×5-7@22.5 | pull-ups~ 4×8-12@0 | db-rdl~ 3×8-12@25 | leg-raise~ 2×12-16@0",
    ],
    "splitType": "full_body",
    "volume": {
      "Back": "5.5 (LOW)",
      "Biceps": "2 (LOW)",
      "Chest": "3 (LOW)",
      "Core": "5 (LOW)",
      "Glutes": "3 (LOW)",
      "Hamstrings": "4.5 (LOW)",
      "Quads": "4 (LOW)",
      "Shoulders": "3.5 (LOW)",
      "Triceps": "1.5 (LOW)",
    },
  },
  {
    "config": "1d/home_gym/hypertrophy",
    "days": [
      "Full Body — Squat Focus",
    ],
    "prescription": [
      "Full Body — Squat Focus: db-bench 3×8-12@20 | bulgarian-split 3×8-12@22.5 | pull-ups~ 5×12-15@0 | db-rdl~ 5×12-15@25 | leg-raise~ 2×12-15@0",
    ],
    "splitType": "full_body",
    "volume": {
      "Back": "7.5 (LOW)",
      "Biceps": "2.5 (LOW)",
      "Chest": "3 (LOW)",
      "Core": "5.5 (LOW)",
      "Glutes": "4 (LOW)",
      "Hamstrings": "6.5 (LOW)",
      "Quads": "4 (LOW)",
      "Shoulders": "4 (LOW)",
      "Triceps": "1.5 (LOW)",
    },
  },
  {
    "config": "1d/home_gym/fat_loss",
    "days": [
      "Full Body — Squat Focus",
    ],
    "prescription": [
      "Full Body — Squat Focus: db-bench 3×12-15@20 | bulgarian-split 3×12-15@22.5 | pull-ups~ 3×15@0 | db-rdl~ 3×15-20@25 | leg-raise~ 2×12-17@0",
    ],
    "splitType": "full_body",
    "volume": {
      "Back": "4.5 (LOW)",
      "Biceps": "1.5 (LOW)",
      "Chest": "3 (LOW)",
      "Core": "4.5 (LOW)",
      "Glutes": "3 (LOW)",
      "Hamstrings": "4.5 (LOW)",
      "Quads": "4 (LOW)",
      "Shoulders": "3 (LOW)",
      "Triceps": "1.5 (LOW)",
    },
  },
  {
    "config": "1d/home_gym/general",
    "days": [
      "Full Body — Squat Focus",
    ],
    "prescription": [
      "Full Body — Squat Focus: db-bench 3×8-12@20 | bulgarian-split 3×8-12@22.5 | pull-ups~ 4×12-15@0 | db-rdl~ 3×12-15@25 | leg-raise~ 2×12-15@0",
    ],
    "splitType": "full_body",
    "volume": {
      "Back": "5.5 (LOW)",
      "Biceps": "2 (LOW)",
      "Chest": "3 (LOW)",
      "Core": "5 (LOW)",
      "Glutes": "3 (LOW)",
      "Hamstrings": "4.5 (LOW)",
      "Quads": "4 (LOW)",
      "Shoulders": "3.5 (LOW)",
      "Triceps": "1.5 (LOW)",
    },
  },
  {
    "config": "1d/home_gym/running",
    "days": [
      "Full Body — Squat Focus",
    ],
    "prescription": [
      "Full Body — Squat Focus: db-bench 3×8-12@20 | bulgarian-split 3×8-12@22.5 | pull-ups~ 3×12-15@0 | db-rdl~ 3×12-15@25 | leg-raise~ 2×12-15@0",
    ],
    "splitType": "full_body",
    "volume": {
      "Back": "4.5 (LOW)",
      "Biceps": "1.5 (LOW)",
      "Chest": "3 (LOW)",
      "Core": "4.5 (LOW)",
      "Glutes": "3 (LOW)",
      "Hamstrings": "4.5 (LOW)",
      "Quads": "4 (LOW)",
      "Shoulders": "3 (LOW)",
      "Triceps": "1.5 (LOW)",
    },
  },
  {
    "config": "1d/minimal/strength",
    "days": [
      "Full Body — Squat Focus",
    ],
    "prescription": [
      "Full Body — Squat Focus: db-bench 3×5-7@20 | bulgarian-split 3×5-7@22.5 | pull-ups~ 4×8-12@0 | db-rdl~ 3×8-12@25 | leg-raise~ 2×12-16@0",
    ],
    "splitType": "full_body",
    "volume": {
      "Back": "5.5 (LOW)",
      "Biceps": "2 (LOW)",
      "Chest": "3 (LOW)",
      "Core": "5 (LOW)",
      "Glutes": "3 (LOW)",
      "Hamstrings": "4.5 (LOW)",
      "Quads": "4 (LOW)",
      "Shoulders": "3.5 (LOW)",
      "Triceps": "1.5 (LOW)",
    },
  },
  {
    "config": "1d/minimal/hypertrophy",
    "days": [
      "Full Body — Squat Focus",
    ],
    "prescription": [
      "Full Body — Squat Focus: db-bench 3×8-12@20 | bulgarian-split 3×8-12@22.5 | pull-ups~ 5×12-15@0 | db-rdl~ 5×12-15@25 | leg-raise~ 2×12-15@0",
    ],
    "splitType": "full_body",
    "volume": {
      "Back": "7.5 (LOW)",
      "Biceps": "2.5 (LOW)",
      "Chest": "3 (LOW)",
      "Core": "5.5 (LOW)",
      "Glutes": "4 (LOW)",
      "Hamstrings": "6.5 (LOW)",
      "Quads": "4 (LOW)",
      "Shoulders": "4 (LOW)",
      "Triceps": "1.5 (LOW)",
    },
  },
  {
    "config": "1d/minimal/fat_loss",
    "days": [
      "Full Body — Squat Focus",
    ],
    "prescription": [
      "Full Body — Squat Focus: db-bench 3×12-15@20 | bulgarian-split 3×12-15@22.5 | pull-ups~ 3×15@0 | db-rdl~ 3×15-20@25 | leg-raise~ 2×12-17@0",
    ],
    "splitType": "full_body",
    "volume": {
      "Back": "4.5 (LOW)",
      "Biceps": "1.5 (LOW)",
      "Chest": "3 (LOW)",
      "Core": "4.5 (LOW)",
      "Glutes": "3 (LOW)",
      "Hamstrings": "4.5 (LOW)",
      "Quads": "4 (LOW)",
      "Shoulders": "3 (LOW)",
      "Triceps": "1.5 (LOW)",
    },
  },
  {
    "config": "1d/minimal/general",
    "days": [
      "Full Body — Squat Focus",
    ],
    "prescription": [
      "Full Body — Squat Focus: db-bench 3×8-12@20 | bulgarian-split 3×8-12@22.5 | pull-ups~ 4×12-15@0 | db-rdl~ 3×12-15@25 | leg-raise~ 2×12-15@0",
    ],
    "splitType": "full_body",
    "volume": {
      "Back": "5.5 (LOW)",
      "Biceps": "2 (LOW)",
      "Chest": "3 (LOW)",
      "Core": "5 (LOW)",
      "Glutes": "3 (LOW)",
      "Hamstrings": "4.5 (LOW)",
      "Quads": "4 (LOW)",
      "Shoulders": "3.5 (LOW)",
      "Triceps": "1.5 (LOW)",
    },
  },
  {
    "config": "1d/minimal/running",
    "days": [
      "Full Body — Squat Focus",
    ],
    "prescription": [
      "Full Body — Squat Focus: db-bench 3×8-12@20 | bulgarian-split 3×8-12@22.5 | pull-ups~ 3×12-15@0 | db-rdl~ 3×12-15@25 | leg-raise~ 2×12-15@0",
    ],
    "splitType": "full_body",
    "volume": {
      "Back": "4.5 (LOW)",
      "Biceps": "1.5 (LOW)",
      "Chest": "3 (LOW)",
      "Core": "4.5 (LOW)",
      "Glutes": "3 (LOW)",
      "Hamstrings": "4.5 (LOW)",
      "Quads": "4 (LOW)",
      "Shoulders": "3 (LOW)",
      "Triceps": "1.5 (LOW)",
    },
  },
  {
    "config": "2d/full_gym/strength",
    "days": [
      "Upper — Chest & Back",
      "Lower — Squat Focus",
    ],
    "prescription": [
      "Upper — Chest & Back: bench-press 4×3-5@55 | barbell-row 4×3-5@52.5 | overhead-press 3×6-8@35 | barbell-curl 3×10-12@15 | rope-tricep-pushdown 3×10-12@15",
      "Lower — Squat Focus: squat 4×7-9@85 | deadlift 4×7-9@100 | hack-squat~ 4×14-18@77.5 | cable-crunch 3×14-16@35",
    ],
    "splitType": "upper_lower",
    "volume": {
      "Back": "12 (ok)",
      "Biceps": "5 (LOW)",
      "Chest": "5.5 (LOW)",
      "Core": "10 (ok)",
      "Glutes": "6 (LOW)",
      "Hamstrings": "4 (LOW)",
      "Quads": "8 (ok)",
      "Shoulders": "7 (LOW)",
      "Triceps": "6.5 (LOW)",
    },
  },
  {
    "config": "2d/full_gym/hypertrophy",
    "days": [
      "Upper — Chest & Back",
      "Lower — Squat Focus",
    ],
    "prescription": [
      "Upper — Chest & Back: bench-press 4×6-10@55 | barbell-row 4×6-10@52.5 | overhead-press 3×10-14@35 | barbell-curl 3×10-14@15 | rope-tricep-pushdown 3×10-14@15",
      "Lower — Squat Focus: squat 4×10-14@85 | deadlift 4×10-14@100 | hack-squat~ 5×14-17@77.5 | cable-crunch 3×14-18@35",
    ],
    "splitType": "upper_lower",
    "volume": {
      "Back": "12 (ok)",
      "Biceps": "5 (LOW)",
      "Chest": "5.5 (LOW)",
      "Core": "10 (LOW)",
      "Glutes": "6.5 (LOW)",
      "Hamstrings": "4 (LOW)",
      "Quads": "9 (LOW)",
      "Shoulders": "7 (LOW)",
      "Triceps": "6.5 (LOW)",
    },
  },
  {
    "config": "2d/full_gym/fat_loss",
    "days": [
      "Upper — Chest & Back",
      "Lower — Squat Focus",
    ],
    "prescription": [
      "Upper — Chest & Back: bench-press 4×10-13@55 | barbell-row 4×10-13@52.5 | overhead-press 3×13-16@35 | barbell-curl 3×10-13@15 | rope-tricep-pushdown 3×10-13@15",
      "Lower — Squat Focus: squat 4×14-17@85 | deadlift 4×14-17@100 | hack-squat~ 3×14-19@77.5 | cable-crunch 3×14-17@35",
    ],
    "splitType": "upper_lower",
    "volume": {
      "Back": "12 (ok)",
      "Biceps": "5 (LOW)",
      "Chest": "5.5 (LOW)",
      "Core": "10 (ok)",
      "Glutes": "5.5 (LOW)",
      "Hamstrings": "4 (LOW)",
      "Quads": "7 (ok)",
      "Shoulders": "7 (ok)",
      "Triceps": "6.5 (ok)",
    },
  },
  {
    "config": "2d/full_gym/general",
    "days": [
      "Upper — Chest & Back",
      "Lower — Squat Focus",
    ],
    "prescription": [
      "Upper — Chest & Back: bench-press 4×6-10@55 | barbell-row 4×6-10@52.5 | overhead-press 3×10-14@35 | barbell-curl 3×10-14@15 | rope-tricep-pushdown 3×10-14@15",
      "Lower — Squat Focus: squat 4×10-14@85 | deadlift 4×10-14@100 | hack-squat~ 4×14-17@77.5 | cable-crunch 3×14-18@35",
    ],
    "splitType": "upper_lower",
    "volume": {
      "Back": "12 (ok)",
      "Biceps": "5 (LOW)",
      "Chest": "5.5 (LOW)",
      "Core": "10 (ok)",
      "Glutes": "6 (LOW)",
      "Hamstrings": "4 (LOW)",
      "Quads": "8 (ok)",
      "Shoulders": "7 (LOW)",
      "Triceps": "6.5 (LOW)",
    },
  },
  {
    "config": "2d/full_gym/running",
    "days": [
      "Upper — Chest & Back",
      "Lower — Squat Focus",
    ],
    "prescription": [
      "Upper — Chest & Back: bench-press 3×6-10@55 | barbell-row 3×6-10@52.5 | overhead-press 3×10-14@35 | barbell-curl 3×10-14@15 | rope-tricep-pushdown 3×10-14@15",
      "Lower — Squat Focus: squat 3×10-14@85 | deadlift 3×10-14@100 | hack-squat~ 3×14-17@77.5 | cable-crunch 3×14-18@35",
    ],
    "splitType": "upper_lower",
    "volume": {
      "Back": "9 (ok)",
      "Biceps": "4.5 (LOW)",
      "Chest": "4.5 (LOW)",
      "Core": "9 (ok)",
      "Glutes": "4.5 (LOW)",
      "Hamstrings": "3 (LOW)",
      "Quads": "6 (ok)",
      "Shoulders": "6 (ok)",
      "Triceps": "6 (ok)",
    },
  },
  {
    "config": "2d/home_gym/strength",
    "days": [
      "Upper — Chest & Back",
      "Lower — Squat Focus",
    ],
    "prescription": [
      "Upper — Chest & Back: db-bench 4×3-5@20 | db-row 4×3-5@20 | db-shoulder-press 3×6-8@12.5 | db-curl 3×10-12@5 | overhead-extension 3×10-12@10",
      "Lower — Squat Focus: bulgarian-split 4×7-9@22.5 | db-rdl 4×7-9@25 | goblet-squat~ 4×14-18@25 | leg-raise 3×14-16@0",
    ],
    "splitType": "upper_lower",
    "volume": {
      "Back": "8 (ok)",
      "Biceps": "5 (LOW)",
      "Chest": "5.5 (LOW)",
      "Core": "6.5 (LOW)",
      "Glutes": "6 (LOW)",
      "Hamstrings": "6 (LOW)",
      "Quads": "9.5 (ok)",
      "Shoulders": "8.5 (ok)",
      "Triceps": "6.5 (LOW)",
    },
  },
  {
    "config": "2d/home_gym/hypertrophy",
    "days": [
      "Upper — Chest & Back",
      "Lower — Squat Focus",
    ],
    "prescription": [
      "Upper — Chest & Back: db-bench 4×6-10@20 | db-row 4×6-10@20 | db-shoulder-press 3×10-14@12.5 | db-curl 3×10-14@5 | overhead-extension 3×10-14@10",
      "Lower — Squat Focus: bulgarian-split 4×10-14@22.5 | db-rdl 4×10-14@25 | goblet-squat~ 5×14-17@25 | leg-raise 3×14-18@0",
    ],
    "splitType": "upper_lower",
    "volume": {
      "Back": "8 (LOW)",
      "Biceps": "5 (LOW)",
      "Chest": "5.5 (LOW)",
      "Core": "7 (LOW)",
      "Glutes": "6.5 (LOW)",
      "Hamstrings": "6 (LOW)",
      "Quads": "10.5 (LOW)",
      "Shoulders": "8.5 (LOW)",
      "Triceps": "6.5 (LOW)",
    },
  },
  {
    "config": "2d/home_gym/fat_loss",
    "days": [
      "Upper — Chest & Back",
      "Lower — Squat Focus",
    ],
    "prescription": [
      "Upper — Chest & Back: db-bench 4×10-13@20 | db-row 4×10-13@20 | db-shoulder-press 3×13-16@12.5 | db-curl 3×10-13@5 | overhead-extension 3×10-13@10",
      "Lower — Squat Focus: bulgarian-split 4×14-17@22.5 | db-rdl 4×14-17@25 | goblet-squat~ 3×14-19@25 | leg-raise 3×14-17@0",
    ],
    "splitType": "upper_lower",
    "volume": {
      "Back": "8 (ok)",
      "Biceps": "5 (LOW)",
      "Chest": "5.5 (LOW)",
      "Core": "6 (ok)",
      "Glutes": "5.5 (LOW)",
      "Hamstrings": "6 (ok)",
      "Quads": "8.5 (ok)",
      "Shoulders": "8.5 (ok)",
      "Triceps": "6.5 (ok)",
    },
  },
  {
    "config": "2d/home_gym/general",
    "days": [
      "Upper — Chest & Back",
      "Lower — Squat Focus",
    ],
    "prescription": [
      "Upper — Chest & Back: db-bench 4×6-10@20 | db-row 4×6-10@20 | db-shoulder-press 3×10-14@12.5 | db-curl 3×10-14@5 | overhead-extension 3×10-14@10",
      "Lower — Squat Focus: bulgarian-split 4×10-14@22.5 | db-rdl 4×10-14@25 | goblet-squat~ 4×14-17@25 | leg-raise 3×14-18@0",
    ],
    "splitType": "upper_lower",
    "volume": {
      "Back": "8 (ok)",
      "Biceps": "5 (LOW)",
      "Chest": "5.5 (LOW)",
      "Core": "6.5 (LOW)",
      "Glutes": "6 (LOW)",
      "Hamstrings": "6 (LOW)",
      "Quads": "9.5 (ok)",
      "Shoulders": "8.5 (ok)",
      "Triceps": "6.5 (LOW)",
    },
  },
  {
    "config": "2d/home_gym/running",
    "days": [
      "Upper — Chest & Back",
      "Lower — Squat Focus",
    ],
    "prescription": [
      "Upper — Chest & Back: db-bench 3×6-10@20 | db-row 3×6-10@20 | db-shoulder-press 3×10-14@12.5 | db-curl 3×10-14@5 | overhead-extension 3×10-14@10",
      "Lower — Squat Focus: bulgarian-split 3×10-14@22.5 | db-rdl 3×10-14@25 | goblet-squat~ 3×14-17@25 | leg-raise 3×14-18@0",
    ],
    "splitType": "upper_lower",
    "volume": {
      "Back": "6 (ok)",
      "Biceps": "4.5 (LOW)",
      "Chest": "4.5 (LOW)",
      "Core": "6 (ok)",
      "Glutes": "4.5 (LOW)",
      "Hamstrings": "4.5 (LOW)",
      "Quads": "7.5 (ok)",
      "Shoulders": "7.5 (ok)",
      "Triceps": "6 (ok)",
    },
  },
  {
    "config": "2d/minimal/strength",
    "days": [
      "Upper — Chest & Back",
      "Lower — Squat Focus",
    ],
    "prescription": [
      "Upper — Chest & Back: db-bench 4×3-5@20 | db-row 4×3-5@20 | db-shoulder-press 3×6-8@12.5 | db-curl 3×10-12@5 | overhead-extension 3×10-12@10",
      "Lower — Squat Focus: bulgarian-split 4×7-9@22.5 | db-rdl 4×7-9@25 | goblet-squat~ 4×14-18@25 | leg-raise 3×14-16@0",
    ],
    "splitType": "upper_lower",
    "volume": {
      "Back": "8 (ok)",
      "Biceps": "5 (LOW)",
      "Chest": "5.5 (LOW)",
      "Core": "6.5 (LOW)",
      "Glutes": "6 (LOW)",
      "Hamstrings": "6 (LOW)",
      "Quads": "9.5 (ok)",
      "Shoulders": "8.5 (ok)",
      "Triceps": "6.5 (LOW)",
    },
  },
  {
    "config": "2d/minimal/hypertrophy",
    "days": [
      "Upper — Chest & Back",
      "Lower — Squat Focus",
    ],
    "prescription": [
      "Upper — Chest & Back: db-bench 4×6-10@20 | db-row 4×6-10@20 | db-shoulder-press 3×10-14@12.5 | db-curl 3×10-14@5 | overhead-extension 3×10-14@10",
      "Lower — Squat Focus: bulgarian-split 4×10-14@22.5 | db-rdl 4×10-14@25 | goblet-squat~ 5×14-17@25 | leg-raise 3×14-18@0",
    ],
    "splitType": "upper_lower",
    "volume": {
      "Back": "8 (LOW)",
      "Biceps": "5 (LOW)",
      "Chest": "5.5 (LOW)",
      "Core": "7 (LOW)",
      "Glutes": "6.5 (LOW)",
      "Hamstrings": "6 (LOW)",
      "Quads": "10.5 (LOW)",
      "Shoulders": "8.5 (LOW)",
      "Triceps": "6.5 (LOW)",
    },
  },
  {
    "config": "2d/minimal/fat_loss",
    "days": [
      "Upper — Chest & Back",
      "Lower — Squat Focus",
    ],
    "prescription": [
      "Upper — Chest & Back: db-bench 4×10-13@20 | db-row 4×10-13@20 | db-shoulder-press 3×13-16@12.5 | db-curl 3×10-13@5 | overhead-extension 3×10-13@10",
      "Lower — Squat Focus: bulgarian-split 4×14-17@22.5 | db-rdl 4×14-17@25 | goblet-squat~ 3×14-19@25 | leg-raise 3×14-17@0",
    ],
    "splitType": "upper_lower",
    "volume": {
      "Back": "8 (ok)",
      "Biceps": "5 (LOW)",
      "Chest": "5.5 (LOW)",
      "Core": "6 (ok)",
      "Glutes": "5.5 (LOW)",
      "Hamstrings": "6 (ok)",
      "Quads": "8.5 (ok)",
      "Shoulders": "8.5 (ok)",
      "Triceps": "6.5 (ok)",
    },
  },
  {
    "config": "2d/minimal/general",
    "days": [
      "Upper — Chest & Back",
      "Lower — Squat Focus",
    ],
    "prescription": [
      "Upper — Chest & Back: db-bench 4×6-10@20 | db-row 4×6-10@20 | db-shoulder-press 3×10-14@12.5 | db-curl 3×10-14@5 | overhead-extension 3×10-14@10",
      "Lower — Squat Focus: bulgarian-split 4×10-14@22.5 | db-rdl 4×10-14@25 | goblet-squat~ 4×14-17@25 | leg-raise 3×14-18@0",
    ],
    "splitType": "upper_lower",
    "volume": {
      "Back": "8 (ok)",
      "Biceps": "5 (LOW)",
      "Chest": "5.5 (LOW)",
      "Core": "6.5 (LOW)",
      "Glutes": "6 (LOW)",
      "Hamstrings": "6 (LOW)",
      "Quads": "9.5 (ok)",
      "Shoulders": "8.5 (ok)",
      "Triceps": "6.5 (LOW)",
    },
  },
  {
    "config": "2d/minimal/running",
    "days": [
      "Upper — Chest & Back",
      "Lower — Squat Focus",
    ],
    "prescription": [
      "Upper — Chest & Back: db-bench 3×6-10@20 | db-row 3×6-10@20 | db-shoulder-press 3×10-14@12.5 | db-curl 3×10-14@5 | overhead-extension 3×10-14@10",
      "Lower — Squat Focus: bulgarian-split 3×10-14@22.5 | db-rdl 3×10-14@25 | goblet-squat~ 3×14-17@25 | leg-raise 3×14-18@0",
    ],
    "splitType": "upper_lower",
    "volume": {
      "Back": "6 (ok)",
      "Biceps": "4.5 (LOW)",
      "Chest": "4.5 (LOW)",
      "Core": "6 (ok)",
      "Glutes": "4.5 (LOW)",
      "Hamstrings": "4.5 (LOW)",
      "Quads": "7.5 (ok)",
      "Shoulders": "7.5 (ok)",
      "Triceps": "6 (ok)",
    },
  },
  {
    "config": "3d/full_gym/strength",
    "days": [
      "Full Body — Squat Focus",
      "Full Body — Deadlift Focus",
      "Full Body — Posterior Focus",
    ],
    "prescription": [
      "Full Body — Squat Focus: bench-press 3×3-5@55 | squat 3×3-5@85 | pull-ups~ 3×6-10@0 | seated-leg-curl~ 3×6-10@25 | cable-crunch~ 2×10-14@35",
      "Full Body — Deadlift Focus: overhead-press 3×5-7@35 | deadlift 3×5-7@100 | barbell-row~ 3×8-12@52.5 | squat~ 3×8-12@85 | barbell-curl~ 4×12-16@15",
      "Full Body — Posterior Focus: deadlift 3×7-9@100 | bench-press~ 4×10-14@55 | pull-ups~ 3×10-14@0 | front-squat~ 3×10-14@65 | cable-crunch~ 2×14-18@35",
    ],
    "splitType": "full_body",
    "volume": {
      "Back": "19.5 (HIGH)",
      "Biceps": "8.5 (ok)",
      "Calves": "1.5 (LOW)",
      "Chest": "8.5 (ok)",
      "Core": "18 (HIGH)",
      "Glutes": "7.5 (LOW)",
      "Hamstrings": "9 (ok)",
      "Quads": "9 (ok)",
      "Shoulders": "11 (ok)",
      "Triceps": "5 (LOW)",
    },
  },
  {
    "config": "3d/full_gym/hypertrophy",
    "days": [
      "Full Body — Squat Focus",
      "Full Body — Deadlift Focus",
      "Full Body — Posterior Focus",
    ],
    "prescription": [
      "Full Body — Squat Focus: bench-press 3×6-10@55 | squat 3×6-10@85 | pull-ups~ 3×10-13@0 | seated-leg-curl~ 5×10-13@25 | cable-crunch~ 2×10-13@35",
      "Full Body — Deadlift Focus: overhead-press 3×8-12@35 | deadlift 3×8-12@100 | barbell-row~ 3×12-15@52.5 | squat~ 4×12-15@85 | barbell-curl~ 5×12-15@15",
      "Full Body — Posterior Focus: deadlift 3×10-14@100 | bench-press~ 5×14-17@55 | pull-ups~ 3×14-15@0 | front-squat~ 5×14-17@65 | cable-crunch~ 2×14-17@35",
    ],
    "splitType": "full_body",
    "volume": {
      "Back": "19.5 (ok)",
      "Biceps": "9.5 (LOW)",
      "Calves": "2.5 (LOW)",
      "Chest": "9.5 (LOW)",
      "Core": "19.5 (ok)",
      "Glutes": "9 (LOW)",
      "Hamstrings": "11.5 (LOW)",
      "Quads": "12 (ok)",
      "Shoulders": "11.5 (LOW)",
      "Triceps": "5.5 (LOW)",
    },
  },
  {
    "config": "3d/full_gym/fat_loss",
    "days": [
      "Full Body — Squat Focus",
      "Full Body — Deadlift Focus",
      "Full Body — Posterior Focus",
    ],
    "prescription": [
      "Full Body — Squat Focus: bench-press 3×10-13@55 | squat 3×10-13@85 | pull-ups~ 3×13-15@0 | seated-leg-curl~ 3×13-18@25 | cable-crunch~ 2×10-15@35",
      "Full Body — Deadlift Focus: overhead-press 3×12-15@35 | deadlift 3×12-15@100 | barbell-row~ 3×15-20@52.5 | squat~ 3×15-20@85 | barbell-curl~ 2×12-17@15",
      "Full Body — Posterior Focus: deadlift 3×14-17@100 | bench-press~ 3×17-20@55 | pull-ups~ 3×15@0 | front-squat~ 3×17-20@65 | cable-crunch~ 2×14-19@35",
    ],
    "splitType": "full_body",
    "volume": {
      "Back": "19.5 (HIGH)",
      "Biceps": "6.5 (ok)",
      "Calves": "1.5 (LOW)",
      "Chest": "7.5 (ok)",
      "Core": "18 (HIGH)",
      "Glutes": "7.5 (ok)",
      "Hamstrings": "9 (ok)",
      "Quads": "9 (ok)",
      "Shoulders": "10.5 (ok)",
      "Triceps": "4.5 (LOW)",
    },
  },
  {
    "config": "3d/full_gym/general",
    "days": [
      "Full Body — Squat Focus",
      "Full Body — Deadlift Focus",
      "Full Body — Posterior Focus",
    ],
    "prescription": [
      "Full Body — Squat Focus: bench-press 3×6-10@55 | squat 3×6-10@85 | pull-ups~ 3×10-13@0 | seated-leg-curl~ 3×10-13@25 | cable-crunch~ 2×10-13@35",
      "Full Body — Deadlift Focus: overhead-press 3×8-12@35 | deadlift 3×8-12@100 | barbell-row~ 3×12-15@52.5 | squat~ 3×12-15@85 | barbell-curl~ 4×12-15@15",
      "Full Body — Posterior Focus: deadlift 3×10-14@100 | bench-press~ 4×14-17@55 | pull-ups~ 3×14-15@0 | front-squat~ 3×14-17@65 | cable-crunch~ 2×14-17@35",
    ],
    "splitType": "full_body",
    "volume": {
      "Back": "19.5 (HIGH)",
      "Biceps": "8.5 (ok)",
      "Calves": "1.5 (LOW)",
      "Chest": "8.5 (ok)",
      "Core": "18 (HIGH)",
      "Glutes": "7.5 (LOW)",
      "Hamstrings": "9 (ok)",
      "Quads": "9 (ok)",
      "Shoulders": "11 (ok)",
      "Triceps": "5 (LOW)",
    },
  },
  {
    "config": "3d/full_gym/running",
    "days": [
      "Full Body — Squat Focus",
      "Full Body — Deadlift Focus",
      "Full Body — Posterior Focus",
    ],
    "prescription": [
      "Full Body — Squat Focus: bench-press 3×6-10@55 | squat 3×6-10@85 | pull-ups~ 3×10-13@0 | seated-leg-curl~ 3×10-13@25 | cable-crunch~ 2×10-13@35",
      "Full Body — Deadlift Focus: overhead-press 3×8-12@35 | deadlift 3×8-12@100 | barbell-row~ 3×12-15@52.5 | squat~ 3×12-15@85 | barbell-curl~ 2×12-15@15",
      "Full Body — Posterior Focus: deadlift 3×10-14@100 | bench-press~ 3×14-17@55 | pull-ups~ 3×14-15@0 | front-squat~ 3×14-17@65 | cable-crunch~ 2×14-17@35",
    ],
    "splitType": "full_body",
    "volume": {
      "Back": "19.5 (HIGH)",
      "Biceps": "6.5 (ok)",
      "Calves": "1.5 (LOW)",
      "Chest": "7.5 (ok)",
      "Core": "18 (HIGH)",
      "Glutes": "7.5 (ok)",
      "Hamstrings": "9 (ok)",
      "Quads": "9 (ok)",
      "Shoulders": "10.5 (ok)",
      "Triceps": "4.5 (LOW)",
    },
  },
  {
    "config": "3d/home_gym/strength",
    "days": [
      "Full Body — Squat Focus",
      "Full Body — Deadlift Focus",
      "Full Body — Posterior Focus",
    ],
    "prescription": [
      "Full Body — Squat Focus: db-bench 3×3-5@20 | bulgarian-split 3×3-5@22.5 | pull-ups~ 3×6-10@0 | db-rdl~ 3×6-10@25 | leg-raise~ 2×10-14@0",
      "Full Body — Deadlift Focus: db-shoulder-press 3×5-7@12.5 | db-rdl 3×5-7@25 | db-row~ 3×8-12@20 | bulgarian-split~ 3×8-12@22.5 | db-curl~ 4×12-16@5",
      "Full Body — Posterior Focus: db-rdl 3×7-9@25 | db-bench~ 4×10-14@20 | pull-ups~ 3×10-14@0 | bulgarian-split~ 3×10-14@22.5 | leg-raise~ 2×14-18@0",
    ],
    "splitType": "full_body",
    "volume": {
      "Back": "15 (HIGH)",
      "Biceps": "8.5 (ok)",
      "Chest": "8.5 (ok)",
      "Core": "9 (ok)",
      "Glutes": "9 (ok)",
      "Hamstrings": "13.5 (ok)",
      "Quads": "11 (ok)",
      "Shoulders": "11 (ok)",
      "Triceps": "5 (LOW)",
    },
  },
  {
    "config": "3d/home_gym/hypertrophy",
    "days": [
      "Full Body — Squat Focus",
      "Full Body — Deadlift Focus",
      "Full Body — Posterior Focus",
    ],
    "prescription": [
      "Full Body — Squat Focus: db-bench 3×6-10@20 | bulgarian-split 3×6-10@22.5 | pull-ups~ 3×10-13@0 | db-rdl~ 5×10-13@25 | leg-raise~ 2×10-13@0",
      "Full Body — Deadlift Focus: db-shoulder-press 3×8-12@12.5 | db-rdl 3×8-12@25 | db-row~ 3×12-15@20 | bulgarian-split~ 4×12-15@22.5 | db-curl~ 5×12-15@5",
      "Full Body — Posterior Focus: db-rdl 3×10-14@25 | db-bench~ 5×14-17@20 | pull-ups~ 3×14-15@0 | bulgarian-split~ 5×14-17@22.5 | leg-raise~ 2×14-17@0",
    ],
    "splitType": "full_body",
    "volume": {
      "Back": "16 (ok)",
      "Biceps": "9.5 (LOW)",
      "Chest": "9.5 (LOW)",
      "Core": "9 (LOW)",
      "Glutes": "11.5 (LOW)",
      "Hamstrings": "17 (ok)",
      "Quads": "14 (ok)",
      "Shoulders": "11.5 (LOW)",
      "Triceps": "5.5 (LOW)",
    },
  },
  {
    "config": "3d/home_gym/fat_loss",
    "days": [
      "Full Body — Squat Focus",
      "Full Body — Deadlift Focus",
      "Full Body — Posterior Focus",
    ],
    "prescription": [
      "Full Body — Squat Focus: db-bench 3×10-13@20 | bulgarian-split 3×10-13@22.5 | pull-ups~ 3×13-15@0 | db-rdl~ 3×13-18@25 | leg-raise~ 2×10-15@0",
      "Full Body — Deadlift Focus: db-shoulder-press 3×12-15@12.5 | db-rdl 3×12-15@25 | db-row~ 3×15-20@20 | bulgarian-split~ 3×15-20@22.5 | db-curl~ 2×12-17@5",
      "Full Body — Posterior Focus: db-rdl 3×14-17@25 | db-bench~ 3×17-20@20 | pull-ups~ 3×15@0 | bulgarian-split~ 3×17-20@22.5 | leg-raise~ 2×14-19@0",
    ],
    "splitType": "full_body",
    "volume": {
      "Back": "15 (HIGH)",
      "Biceps": "6.5 (ok)",
      "Chest": "7.5 (ok)",
      "Core": "9 (ok)",
      "Glutes": "9 (ok)",
      "Hamstrings": "13.5 (ok)",
      "Quads": "11 (ok)",
      "Shoulders": "10.5 (ok)",
      "Triceps": "4.5 (LOW)",
    },
  },
  {
    "config": "3d/home_gym/general",
    "days": [
      "Full Body — Squat Focus",
      "Full Body — Deadlift Focus",
      "Full Body — Posterior Focus",
    ],
    "prescription": [
      "Full Body — Squat Focus: db-bench 3×6-10@20 | bulgarian-split 3×6-10@22.5 | pull-ups~ 3×10-13@0 | db-rdl~ 3×10-13@25 | leg-raise~ 2×10-13@0",
      "Full Body — Deadlift Focus: db-shoulder-press 3×8-12@12.5 | db-rdl 3×8-12@25 | db-row~ 3×12-15@20 | bulgarian-split~ 3×12-15@22.5 | db-curl~ 4×12-15@5",
      "Full Body — Posterior Focus: db-rdl 3×10-14@25 | db-bench~ 4×14-17@20 | pull-ups~ 3×14-15@0 | bulgarian-split~ 3×14-17@22.5 | leg-raise~ 2×14-17@0",
    ],
    "splitType": "full_body",
    "volume": {
      "Back": "15 (ok)",
      "Biceps": "8.5 (ok)",
      "Chest": "8.5 (ok)",
      "Core": "9 (ok)",
      "Glutes": "9 (ok)",
      "Hamstrings": "13.5 (ok)",
      "Quads": "11 (ok)",
      "Shoulders": "11 (ok)",
      "Triceps": "5 (LOW)",
    },
  },
  {
    "config": "3d/home_gym/running",
    "days": [
      "Full Body — Squat Focus",
      "Full Body — Deadlift Focus",
      "Full Body — Posterior Focus",
    ],
    "prescription": [
      "Full Body — Squat Focus: db-bench 3×6-10@20 | bulgarian-split 3×6-10@22.5 | pull-ups~ 3×10-13@0 | db-rdl~ 3×10-13@25 | leg-raise~ 2×10-13@0",
      "Full Body — Deadlift Focus: db-shoulder-press 3×8-12@12.5 | db-rdl 3×8-12@25 | db-row~ 3×12-15@20 | bulgarian-split~ 3×12-15@22.5 | db-curl~ 2×12-15@5",
      "Full Body — Posterior Focus: db-rdl 3×10-14@25 | db-bench~ 3×14-17@20 | pull-ups~ 3×14-15@0 | bulgarian-split~ 3×14-17@22.5 | leg-raise~ 2×14-17@0",
    ],
    "splitType": "full_body",
    "volume": {
      "Back": "15 (HIGH)",
      "Biceps": "6.5 (ok)",
      "Chest": "7.5 (ok)",
      "Core": "9 (ok)",
      "Glutes": "9 (ok)",
      "Hamstrings": "13.5 (ok)",
      "Quads": "11 (ok)",
      "Shoulders": "10.5 (ok)",
      "Triceps": "4.5 (LOW)",
    },
  },
  {
    "config": "3d/minimal/strength",
    "days": [
      "Full Body — Squat Focus",
      "Full Body — Deadlift Focus",
      "Full Body — Posterior Focus",
    ],
    "prescription": [
      "Full Body — Squat Focus: db-bench 3×3-5@20 | bulgarian-split 3×3-5@22.5 | pull-ups~ 3×6-10@0 | db-rdl~ 3×6-10@25 | leg-raise~ 2×10-14@0",
      "Full Body — Deadlift Focus: db-shoulder-press 3×5-7@12.5 | db-rdl 3×5-7@25 | db-row~ 3×8-12@20 | bulgarian-split~ 3×8-12@22.5 | db-curl~ 4×12-16@5",
      "Full Body — Posterior Focus: db-rdl 3×7-9@25 | db-bench~ 4×10-14@20 | pull-ups~ 3×10-14@0 | bulgarian-split~ 3×10-14@22.5 | leg-raise~ 2×14-18@0",
    ],
    "splitType": "full_body",
    "volume": {
      "Back": "15 (HIGH)",
      "Biceps": "8.5 (ok)",
      "Chest": "8.5 (ok)",
      "Core": "9 (ok)",
      "Glutes": "9 (ok)",
      "Hamstrings": "13.5 (ok)",
      "Quads": "11 (ok)",
      "Shoulders": "11 (ok)",
      "Triceps": "5 (LOW)",
    },
  },
  {
    "config": "3d/minimal/hypertrophy",
    "days": [
      "Full Body — Squat Focus",
      "Full Body — Deadlift Focus",
      "Full Body — Posterior Focus",
    ],
    "prescription": [
      "Full Body — Squat Focus: db-bench 3×6-10@20 | bulgarian-split 3×6-10@22.5 | pull-ups~ 3×10-13@0 | db-rdl~ 5×10-13@25 | leg-raise~ 2×10-13@0",
      "Full Body — Deadlift Focus: db-shoulder-press 3×8-12@12.5 | db-rdl 3×8-12@25 | db-row~ 3×12-15@20 | bulgarian-split~ 4×12-15@22.5 | db-curl~ 5×12-15@5",
      "Full Body — Posterior Focus: db-rdl 3×10-14@25 | db-bench~ 5×14-17@20 | pull-ups~ 3×14-15@0 | bulgarian-split~ 5×14-17@22.5 | leg-raise~ 2×14-17@0",
    ],
    "splitType": "full_body",
    "volume": {
      "Back": "16 (ok)",
      "Biceps": "9.5 (LOW)",
      "Chest": "9.5 (LOW)",
      "Core": "9 (LOW)",
      "Glutes": "11.5 (LOW)",
      "Hamstrings": "17 (ok)",
      "Quads": "14 (ok)",
      "Shoulders": "11.5 (LOW)",
      "Triceps": "5.5 (LOW)",
    },
  },
  {
    "config": "3d/minimal/fat_loss",
    "days": [
      "Full Body — Squat Focus",
      "Full Body — Deadlift Focus",
      "Full Body — Posterior Focus",
    ],
    "prescription": [
      "Full Body — Squat Focus: db-bench 3×10-13@20 | bulgarian-split 3×10-13@22.5 | pull-ups~ 3×13-15@0 | db-rdl~ 3×13-18@25 | leg-raise~ 2×10-15@0",
      "Full Body — Deadlift Focus: db-shoulder-press 3×12-15@12.5 | db-rdl 3×12-15@25 | db-row~ 3×15-20@20 | bulgarian-split~ 3×15-20@22.5 | db-curl~ 2×12-17@5",
      "Full Body — Posterior Focus: db-rdl 3×14-17@25 | db-bench~ 3×17-20@20 | pull-ups~ 3×15@0 | bulgarian-split~ 3×17-20@22.5 | leg-raise~ 2×14-19@0",
    ],
    "splitType": "full_body",
    "volume": {
      "Back": "15 (HIGH)",
      "Biceps": "6.5 (ok)",
      "Chest": "7.5 (ok)",
      "Core": "9 (ok)",
      "Glutes": "9 (ok)",
      "Hamstrings": "13.5 (ok)",
      "Quads": "11 (ok)",
      "Shoulders": "10.5 (ok)",
      "Triceps": "4.5 (LOW)",
    },
  },
  {
    "config": "3d/minimal/general",
    "days": [
      "Full Body — Squat Focus",
      "Full Body — Deadlift Focus",
      "Full Body — Posterior Focus",
    ],
    "prescription": [
      "Full Body — Squat Focus: db-bench 3×6-10@20 | bulgarian-split 3×6-10@22.5 | pull-ups~ 3×10-13@0 | db-rdl~ 3×10-13@25 | leg-raise~ 2×10-13@0",
      "Full Body — Deadlift Focus: db-shoulder-press 3×8-12@12.5 | db-rdl 3×8-12@25 | db-row~ 3×12-15@20 | bulgarian-split~ 3×12-15@22.5 | db-curl~ 4×12-15@5",
      "Full Body — Posterior Focus: db-rdl 3×10-14@25 | db-bench~ 4×14-17@20 | pull-ups~ 3×14-15@0 | bulgarian-split~ 3×14-17@22.5 | leg-raise~ 2×14-17@0",
    ],
    "splitType": "full_body",
    "volume": {
      "Back": "15 (ok)",
      "Biceps": "8.5 (ok)",
      "Chest": "8.5 (ok)",
      "Core": "9 (ok)",
      "Glutes": "9 (ok)",
      "Hamstrings": "13.5 (ok)",
      "Quads": "11 (ok)",
      "Shoulders": "11 (ok)",
      "Triceps": "5 (LOW)",
    },
  },
  {
    "config": "3d/minimal/running",
    "days": [
      "Full Body — Squat Focus",
      "Full Body — Deadlift Focus",
      "Full Body — Posterior Focus",
    ],
    "prescription": [
      "Full Body — Squat Focus: db-bench 3×6-10@20 | bulgarian-split 3×6-10@22.5 | pull-ups~ 3×10-13@0 | db-rdl~ 3×10-13@25 | leg-raise~ 2×10-13@0",
      "Full Body — Deadlift Focus: db-shoulder-press 3×8-12@12.5 | db-rdl 3×8-12@25 | db-row~ 3×12-15@20 | bulgarian-split~ 3×12-15@22.5 | db-curl~ 2×12-15@5",
      "Full Body — Posterior Focus: db-rdl 3×10-14@25 | db-bench~ 3×14-17@20 | pull-ups~ 3×14-15@0 | bulgarian-split~ 3×14-17@22.5 | leg-raise~ 2×14-17@0",
    ],
    "splitType": "full_body",
    "volume": {
      "Back": "15 (HIGH)",
      "Biceps": "6.5 (ok)",
      "Chest": "7.5 (ok)",
      "Core": "9 (ok)",
      "Glutes": "9 (ok)",
      "Hamstrings": "13.5 (ok)",
      "Quads": "11 (ok)",
      "Shoulders": "10.5 (ok)",
      "Triceps": "4.5 (LOW)",
    },
  },
  {
    "config": "4d/full_gym/strength",
    "days": [
      "Upper — Chest & Back",
      "Upper — Shoulders & Arms",
      "Lower — Squat Focus",
      "Lower — Deadlift Focus",
    ],
    "prescription": [
      "Upper — Chest & Back: bench-press 4×3-5@55 | barbell-row 4×3-5@52.5 | overhead-press 3×6-8@35 | barbell-curl 3×10-12@15 | rope-tricep-pushdown 3×10-12@15",
      "Upper — Shoulders & Arms: overhead-press 4×3-5@35 | pull-ups 4×3-5@0 | db-bench~ 3×6-10@20 | barbell-curl 3×10-12@15 | rope-tricep-pushdown 3×10-12@15",
      "Lower — Squat Focus: squat 4×7-9@85 | deadlift 4×7-9@100 | hack-squat~ 3×14-18@77.5 | cable-crunch 3×14-16@35",
      "Lower — Deadlift Focus: deadlift 4×7-9@100 | hack-squat~ 3×10-14@77.5 | seated-leg-curl~ 3×14-18@25 | cable-crunch 3×14-16@35",
    ],
    "splitType": "upper_lower",
    "volume": {
      "Back": "22 (HIGH)",
      "Biceps": "10 (ok)",
      "Calves": "1.5 (LOW)",
      "Chest": "10.5 (ok)",
      "Core": "20.5 (HIGH)",
      "Glutes": "9 (ok)",
      "Hamstrings": "9 (ok)",
      "Quads": "10 (ok)",
      "Shoulders": "14.5 (HIGH)",
      "Triceps": "13 (ok)",
    },
  },
  {
    "config": "4d/full_gym/hypertrophy",
    "days": [
      "Upper — Chest & Back",
      "Upper — Shoulders & Arms",
      "Lower — Squat Focus",
      "Lower — Deadlift Focus",
    ],
    "prescription": [
      "Upper — Chest & Back: bench-press 4×6-10@55 | barbell-row 4×6-10@52.5 | overhead-press 3×10-14@35 | barbell-curl 3×10-14@15 | rope-tricep-pushdown 3×10-14@15",
      "Upper — Shoulders & Arms: overhead-press 4×6-10@35 | pull-ups 4×6-10@0 | db-bench~ 4×10-13@20 | barbell-curl 3×10-14@15 | rope-tricep-pushdown 3×10-14@15",
      "Lower — Squat Focus: squat 4×10-14@85 | deadlift 4×10-14@100 | hack-squat~ 4×14-17@77.5 | cable-crunch 3×14-18@35",
      "Lower — Deadlift Focus: deadlift 4×10-14@100 | hack-squat~ 4×14-17@77.5 | seated-leg-curl~ 5×14-17@25 | cable-crunch 3×14-18@35",
    ],
    "splitType": "upper_lower",
    "volume": {
      "Back": "22 (HIGH)",
      "Biceps": "10 (LOW)",
      "Calves": "2.5 (LOW)",
      "Chest": "11.5 (LOW)",
      "Core": "20.5 (HIGH)",
      "Glutes": "10 (LOW)",
      "Hamstrings": "11 (LOW)",
      "Quads": "12 (ok)",
      "Shoulders": "15 (ok)",
      "Triceps": "13.5 (ok)",
    },
  },
  {
    "config": "4d/full_gym/fat_loss",
    "days": [
      "Upper — Chest & Back",
      "Upper — Shoulders & Arms",
      "Lower — Squat Focus",
      "Lower — Deadlift Focus",
    ],
    "prescription": [
      "Upper — Chest & Back: bench-press 4×10-13@55 | barbell-row 4×10-13@52.5 | overhead-press 3×13-16@35 | barbell-curl 3×10-13@15 | rope-tricep-pushdown 3×10-13@15",
      "Upper — Shoulders & Arms: overhead-press 4×10-13@35 | pull-ups 4×10-13@0 | db-bench~ 3×13-18@20 | barbell-curl 3×10-13@15 | rope-tricep-pushdown 3×10-13@15",
      "Lower — Squat Focus: squat 4×14-17@85 | deadlift 4×14-17@100 | hack-squat~ 3×14-19@77.5 | cable-crunch 3×14-17@35",
      "Lower — Deadlift Focus: deadlift 4×14-17@100 | hack-squat~ 3×17-20@77.5 | seated-leg-curl~ 3×14-19@25 | cable-crunch 3×14-17@35",
    ],
    "splitType": "upper_lower",
    "volume": {
      "Back": "22 (HIGH)",
      "Biceps": "10 (ok)",
      "Calves": "1.5 (LOW)",
      "Chest": "10.5 (ok)",
      "Core": "20.5 (HIGH)",
      "Glutes": "9 (ok)",
      "Hamstrings": "9 (ok)",
      "Quads": "10 (ok)",
      "Shoulders": "14.5 (HIGH)",
      "Triceps": "13 (ok)",
    },
  },
  {
    "config": "4d/full_gym/general",
    "days": [
      "Upper — Chest & Back",
      "Upper — Shoulders & Arms",
      "Lower — Squat Focus",
      "Lower — Deadlift Focus",
    ],
    "prescription": [
      "Upper — Chest & Back: bench-press 4×6-10@55 | barbell-row 4×6-10@52.5 | overhead-press 3×10-14@35 | barbell-curl 3×10-14@15 | rope-tricep-pushdown 3×10-14@15",
      "Upper — Shoulders & Arms: overhead-press 4×6-10@35 | pull-ups 4×6-10@0 | db-bench~ 3×10-13@20 | barbell-curl 3×10-14@15 | rope-tricep-pushdown 3×10-14@15",
      "Lower — Squat Focus: squat 4×10-14@85 | deadlift 4×10-14@100 | hack-squat~ 3×14-17@77.5 | cable-crunch 3×14-18@35",
      "Lower — Deadlift Focus: deadlift 4×10-14@100 | hack-squat~ 3×14-17@77.5 | seated-leg-curl~ 3×14-17@25 | cable-crunch 3×14-18@35",
    ],
    "splitType": "upper_lower",
    "volume": {
      "Back": "22 (HIGH)",
      "Biceps": "10 (ok)",
      "Calves": "1.5 (LOW)",
      "Chest": "10.5 (ok)",
      "Core": "20.5 (HIGH)",
      "Glutes": "9 (ok)",
      "Hamstrings": "9 (ok)",
      "Quads": "10 (ok)",
      "Shoulders": "14.5 (ok)",
      "Triceps": "13 (ok)",
    },
  },
  {
    "config": "4d/full_gym/running",
    "days": [
      "Upper — Chest & Back",
      "Upper — Shoulders & Arms",
      "Lower — Squat Focus",
      "Lower — Deadlift Focus",
    ],
    "prescription": [
      "Upper — Chest & Back: bench-press 3×6-10@55 | barbell-row 3×6-10@52.5 | overhead-press 3×10-14@35 | barbell-curl 3×10-14@15 | rope-tricep-pushdown 3×10-14@15",
      "Upper — Shoulders & Arms: overhead-press 3×6-10@35 | pull-ups 3×6-10@0 | db-bench~ 3×10-13@20 | barbell-curl 3×10-14@15 | rope-tricep-pushdown 3×10-14@15",
      "Lower — Squat Focus: squat 3×10-14@85 | deadlift 3×10-14@100 | hack-squat~ 3×14-17@77.5 | cable-crunch 3×14-18@35",
      "Lower — Deadlift Focus: deadlift 3×10-14@100 | hack-squat~ 3×14-17@77.5 | seated-leg-curl~ 3×14-17@25 | cable-crunch 3×14-18@35",
    ],
    "splitType": "upper_lower",
    "volume": {
      "Back": "16.5 (HIGH)",
      "Biceps": "9 (ok)",
      "Calves": "1.5 (LOW)",
      "Chest": "9 (ok)",
      "Core": "18 (HIGH)",
      "Glutes": "7.5 (ok)",
      "Hamstrings": "7.5 (ok)",
      "Quads": "9 (ok)",
      "Shoulders": "12 (ok)",
      "Triceps": "12 (ok)",
    },
  },
  {
    "config": "4d/home_gym/strength",
    "days": [
      "Upper — Chest & Back",
      "Upper — Shoulders & Arms",
      "Lower — Squat Focus",
      "Lower — Deadlift Focus",
    ],
    "prescription": [
      "Upper — Chest & Back: db-bench 4×3-5@20 | db-row 4×3-5@20 | db-shoulder-press 3×6-8@12.5 | db-curl 3×10-12@5 | overhead-extension 3×10-12@10",
      "Upper — Shoulders & Arms: db-shoulder-press 4×3-5@12.5 | pull-ups 4×3-5@0 | db-bench~ 3×6-10@20 | db-curl 3×10-12@5 | overhead-extension 3×10-12@10",
      "Lower — Squat Focus: bulgarian-split 4×7-9@22.5 | db-rdl 4×7-9@25 | goblet-squat~ 3×14-18@25 | leg-raise 3×14-16@0",
      "Lower — Deadlift Focus: db-rdl 4×7-9@25 | bulgarian-split~ 3×10-14@22.5 | glute-bridge~ 3×14-18@0 | leg-raise 3×14-16@0",
    ],
    "splitType": "upper_lower",
    "volume": {
      "Back": "14 (ok)",
      "Biceps": "10 (ok)",
      "Chest": "10.5 (ok)",
      "Core": "14 (ok)",
      "Glutes": "12 (ok)",
      "Hamstrings": "13 (ok)",
      "Quads": "13 (ok)",
      "Shoulders": "17.5 (HIGH)",
      "Triceps": "13 (ok)",
    },
  },
  {
    "config": "4d/home_gym/hypertrophy",
    "days": [
      "Upper — Chest & Back",
      "Upper — Shoulders & Arms",
      "Lower — Squat Focus",
      "Lower — Deadlift Focus",
    ],
    "prescription": [
      "Upper — Chest & Back: db-bench 4×6-10@20 | db-row 4×6-10@20 | db-shoulder-press 3×10-14@12.5 | db-curl 3×10-14@5 | overhead-extension 3×10-14@10",
      "Upper — Shoulders & Arms: db-shoulder-press 4×6-10@12.5 | pull-ups 4×6-10@0 | db-bench~ 4×10-13@20 | db-curl 3×10-14@5 | overhead-extension 3×10-14@10",
      "Lower — Squat Focus: bulgarian-split 4×10-14@22.5 | db-rdl 4×10-14@25 | goblet-squat~ 4×14-17@25 | leg-raise 3×14-18@0",
      "Lower — Deadlift Focus: db-rdl 4×10-14@25 | bulgarian-split~ 4×14-17@22.5 | glute-bridge~ 5×14-17@0 | leg-raise 3×14-18@0",
    ],
    "splitType": "upper_lower",
    "volume": {
      "Back": "14 (ok)",
      "Biceps": "10 (LOW)",
      "Chest": "11.5 (LOW)",
      "Core": "15.5 (ok)",
      "Glutes": "15 (ok)",
      "Hamstrings": "14.5 (ok)",
      "Quads": "15 (ok)",
      "Shoulders": "18 (ok)",
      "Triceps": "13.5 (ok)",
    },
  },
  {
    "config": "4d/home_gym/fat_loss",
    "days": [
      "Upper — Chest & Back",
      "Upper — Shoulders & Arms",
      "Lower — Squat Focus",
      "Lower — Deadlift Focus",
    ],
    "prescription": [
      "Upper — Chest & Back: db-bench 4×10-13@20 | db-row 4×10-13@20 | db-shoulder-press 3×13-16@12.5 | db-curl 3×10-13@5 | overhead-extension 3×10-13@10",
      "Upper — Shoulders & Arms: db-shoulder-press 4×10-13@12.5 | pull-ups 4×10-13@0 | db-bench~ 3×13-18@20 | db-curl 3×10-13@5 | overhead-extension 3×10-13@10",
      "Lower — Squat Focus: bulgarian-split 4×14-17@22.5 | db-rdl 4×14-17@25 | goblet-squat~ 3×14-19@25 | leg-raise 3×14-17@0",
      "Lower — Deadlift Focus: db-rdl 4×14-17@25 | bulgarian-split~ 3×17-20@22.5 | glute-bridge~ 3×14-19@0 | leg-raise 3×14-17@0",
    ],
    "splitType": "upper_lower",
    "volume": {
      "Back": "14 (ok)",
      "Biceps": "10 (ok)",
      "Chest": "10.5 (ok)",
      "Core": "14 (ok)",
      "Glutes": "12 (ok)",
      "Hamstrings": "13 (ok)",
      "Quads": "13 (ok)",
      "Shoulders": "17.5 (HIGH)",
      "Triceps": "13 (ok)",
    },
  },
  {
    "config": "4d/home_gym/general",
    "days": [
      "Upper — Chest & Back",
      "Upper — Shoulders & Arms",
      "Lower — Squat Focus",
      "Lower — Deadlift Focus",
    ],
    "prescription": [
      "Upper — Chest & Back: db-bench 4×6-10@20 | db-row 4×6-10@20 | db-shoulder-press 3×10-14@12.5 | db-curl 3×10-14@5 | overhead-extension 3×10-14@10",
      "Upper — Shoulders & Arms: db-shoulder-press 4×6-10@12.5 | pull-ups 4×6-10@0 | db-bench~ 3×10-13@20 | db-curl 3×10-14@5 | overhead-extension 3×10-14@10",
      "Lower — Squat Focus: bulgarian-split 4×10-14@22.5 | db-rdl 4×10-14@25 | goblet-squat~ 3×14-17@25 | leg-raise 3×14-18@0",
      "Lower — Deadlift Focus: db-rdl 4×10-14@25 | bulgarian-split~ 3×14-17@22.5 | glute-bridge~ 3×14-17@0 | leg-raise 3×14-18@0",
    ],
    "splitType": "upper_lower",
    "volume": {
      "Back": "14 (ok)",
      "Biceps": "10 (ok)",
      "Chest": "10.5 (ok)",
      "Core": "14 (ok)",
      "Glutes": "12 (ok)",
      "Hamstrings": "13 (ok)",
      "Quads": "13 (ok)",
      "Shoulders": "17.5 (HIGH)",
      "Triceps": "13 (ok)",
    },
  },
  {
    "config": "4d/home_gym/running",
    "days": [
      "Upper — Chest & Back",
      "Upper — Shoulders & Arms",
      "Lower — Squat Focus",
      "Lower — Deadlift Focus",
    ],
    "prescription": [
      "Upper — Chest & Back: db-bench 3×6-10@20 | db-row 3×6-10@20 | db-shoulder-press 3×10-14@12.5 | db-curl 3×10-14@5 | overhead-extension 3×10-14@10",
      "Upper — Shoulders & Arms: db-shoulder-press 3×6-10@12.5 | pull-ups 3×6-10@0 | db-bench~ 3×10-13@20 | db-curl 3×10-14@5 | overhead-extension 3×10-14@10",
      "Lower — Squat Focus: bulgarian-split 3×10-14@22.5 | db-rdl 3×10-14@25 | goblet-squat~ 3×14-17@25 | leg-raise 3×14-18@0",
      "Lower — Deadlift Focus: db-rdl 3×10-14@25 | bulgarian-split~ 3×14-17@22.5 | glute-bridge~ 3×14-17@0 | leg-raise 3×14-18@0",
    ],
    "splitType": "upper_lower",
    "volume": {
      "Back": "10.5 (ok)",
      "Biceps": "9 (ok)",
      "Chest": "9 (ok)",
      "Core": "13.5 (ok)",
      "Glutes": "10.5 (ok)",
      "Hamstrings": "10.5 (ok)",
      "Quads": "12 (ok)",
      "Shoulders": "15 (HIGH)",
      "Triceps": "12 (ok)",
    },
  },
  {
    "config": "4d/minimal/strength",
    "days": [
      "Upper — Chest & Back",
      "Upper — Shoulders & Arms",
      "Lower — Squat Focus",
      "Lower — Deadlift Focus",
    ],
    "prescription": [
      "Upper — Chest & Back: db-bench 4×3-5@20 | db-row 4×3-5@20 | db-shoulder-press 3×6-8@12.5 | db-curl 3×10-12@5 | overhead-extension 3×10-12@10",
      "Upper — Shoulders & Arms: db-shoulder-press 4×3-5@12.5 | pull-ups 4×3-5@0 | db-bench~ 3×6-10@20 | db-curl 3×10-12@5 | overhead-extension 3×10-12@10",
      "Lower — Squat Focus: bulgarian-split 4×7-9@22.5 | db-rdl 4×7-9@25 | goblet-squat~ 3×14-18@25 | leg-raise 3×14-16@0",
      "Lower — Deadlift Focus: db-rdl 4×7-9@25 | bulgarian-split~ 3×10-14@22.5 | glute-bridge~ 3×14-18@0 | leg-raise 3×14-16@0",
    ],
    "splitType": "upper_lower",
    "volume": {
      "Back": "14 (ok)",
      "Biceps": "10 (ok)",
      "Chest": "10.5 (ok)",
      "Core": "14 (ok)",
      "Glutes": "12 (ok)",
      "Hamstrings": "13 (ok)",
      "Quads": "13 (ok)",
      "Shoulders": "17.5 (HIGH)",
      "Triceps": "13 (ok)",
    },
  },
  {
    "config": "4d/minimal/hypertrophy",
    "days": [
      "Upper — Chest & Back",
      "Upper — Shoulders & Arms",
      "Lower — Squat Focus",
      "Lower — Deadlift Focus",
    ],
    "prescription": [
      "Upper — Chest & Back: db-bench 4×6-10@20 | db-row 4×6-10@20 | db-shoulder-press 3×10-14@12.5 | db-curl 3×10-14@5 | overhead-extension 3×10-14@10",
      "Upper — Shoulders & Arms: db-shoulder-press 4×6-10@12.5 | pull-ups 4×6-10@0 | db-bench~ 4×10-13@20 | db-curl 3×10-14@5 | overhead-extension 3×10-14@10",
      "Lower — Squat Focus: bulgarian-split 4×10-14@22.5 | db-rdl 4×10-14@25 | goblet-squat~ 4×14-17@25 | leg-raise 3×14-18@0",
      "Lower — Deadlift Focus: db-rdl 4×10-14@25 | bulgarian-split~ 4×14-17@22.5 | glute-bridge~ 5×14-17@0 | leg-raise 3×14-18@0",
    ],
    "splitType": "upper_lower",
    "volume": {
      "Back": "14 (ok)",
      "Biceps": "10 (LOW)",
      "Chest": "11.5 (LOW)",
      "Core": "15.5 (ok)",
      "Glutes": "15 (ok)",
      "Hamstrings": "14.5 (ok)",
      "Quads": "15 (ok)",
      "Shoulders": "18 (ok)",
      "Triceps": "13.5 (ok)",
    },
  },
  {
    "config": "4d/minimal/fat_loss",
    "days": [
      "Upper — Chest & Back",
      "Upper — Shoulders & Arms",
      "Lower — Squat Focus",
      "Lower — Deadlift Focus",
    ],
    "prescription": [
      "Upper — Chest & Back: db-bench 4×10-13@20 | db-row 4×10-13@20 | db-shoulder-press 3×13-16@12.5 | db-curl 3×10-13@5 | overhead-extension 3×10-13@10",
      "Upper — Shoulders & Arms: db-shoulder-press 4×10-13@12.5 | pull-ups 4×10-13@0 | db-bench~ 3×13-18@20 | db-curl 3×10-13@5 | overhead-extension 3×10-13@10",
      "Lower — Squat Focus: bulgarian-split 4×14-17@22.5 | db-rdl 4×14-17@25 | goblet-squat~ 3×14-19@25 | leg-raise 3×14-17@0",
      "Lower — Deadlift Focus: db-rdl 4×14-17@25 | bulgarian-split~ 3×17-20@22.5 | glute-bridge~ 3×14-19@0 | leg-raise 3×14-17@0",
    ],
    "splitType": "upper_lower",
    "volume": {
      "Back": "14 (ok)",
      "Biceps": "10 (ok)",
      "Chest": "10.5 (ok)",
      "Core": "14 (ok)",
      "Glutes": "12 (ok)",
      "Hamstrings": "13 (ok)",
      "Quads": "13 (ok)",
      "Shoulders": "17.5 (HIGH)",
      "Triceps": "13 (ok)",
    },
  },
  {
    "config": "4d/minimal/general",
    "days": [
      "Upper — Chest & Back",
      "Upper — Shoulders & Arms",
      "Lower — Squat Focus",
      "Lower — Deadlift Focus",
    ],
    "prescription": [
      "Upper — Chest & Back: db-bench 4×6-10@20 | db-row 4×6-10@20 | db-shoulder-press 3×10-14@12.5 | db-curl 3×10-14@5 | overhead-extension 3×10-14@10",
      "Upper — Shoulders & Arms: db-shoulder-press 4×6-10@12.5 | pull-ups 4×6-10@0 | db-bench~ 3×10-13@20 | db-curl 3×10-14@5 | overhead-extension 3×10-14@10",
      "Lower — Squat Focus: bulgarian-split 4×10-14@22.5 | db-rdl 4×10-14@25 | goblet-squat~ 3×14-17@25 | leg-raise 3×14-18@0",
      "Lower — Deadlift Focus: db-rdl 4×10-14@25 | bulgarian-split~ 3×14-17@22.5 | glute-bridge~ 3×14-17@0 | leg-raise 3×14-18@0",
    ],
    "splitType": "upper_lower",
    "volume": {
      "Back": "14 (ok)",
      "Biceps": "10 (ok)",
      "Chest": "10.5 (ok)",
      "Core": "14 (ok)",
      "Glutes": "12 (ok)",
      "Hamstrings": "13 (ok)",
      "Quads": "13 (ok)",
      "Shoulders": "17.5 (HIGH)",
      "Triceps": "13 (ok)",
    },
  },
  {
    "config": "4d/minimal/running",
    "days": [
      "Upper — Chest & Back",
      "Upper — Shoulders & Arms",
      "Lower — Squat Focus",
      "Lower — Deadlift Focus",
    ],
    "prescription": [
      "Upper — Chest & Back: db-bench 3×6-10@20 | db-row 3×6-10@20 | db-shoulder-press 3×10-14@12.5 | db-curl 3×10-14@5 | overhead-extension 3×10-14@10",
      "Upper — Shoulders & Arms: db-shoulder-press 3×6-10@12.5 | pull-ups 3×6-10@0 | db-bench~ 3×10-13@20 | db-curl 3×10-14@5 | overhead-extension 3×10-14@10",
      "Lower — Squat Focus: bulgarian-split 3×10-14@22.5 | db-rdl 3×10-14@25 | goblet-squat~ 3×14-17@25 | leg-raise 3×14-18@0",
      "Lower — Deadlift Focus: db-rdl 3×10-14@25 | bulgarian-split~ 3×14-17@22.5 | glute-bridge~ 3×14-17@0 | leg-raise 3×14-18@0",
    ],
    "splitType": "upper_lower",
    "volume": {
      "Back": "10.5 (ok)",
      "Biceps": "9 (ok)",
      "Chest": "9 (ok)",
      "Core": "13.5 (ok)",
      "Glutes": "10.5 (ok)",
      "Hamstrings": "10.5 (ok)",
      "Quads": "12 (ok)",
      "Shoulders": "15 (HIGH)",
      "Triceps": "12 (ok)",
    },
  },
  {
    "config": "5d/full_gym/strength",
    "days": [
      "Pull — Lat Focus",
      "Push — Chest Focus",
      "Legs — Squat Focus",
      "Upper — Chest & Back",
      "Lower — Squat Focus",
    ],
    "prescription": [
      "Pull — Lat Focus: pull-ups 4×3-5@0 | barbell-row 3×6-8@52.5 | lat-pulldown~ 3×10-14@45 | barbell-curl 3×10-12@15 | cable-curl~ 3×13-17@12.5",
      "Push — Chest Focus: bench-press 4×3-5@55 | overhead-press 3×6-8@35 | db-bench~ 3×10-14@20 | rope-tricep-pushdown 3×10-12@15 | skull-crushers~ 3×13-17@10",
      "Legs — Squat Focus: squat 4×5-7@85 | deadlift 4×5-7@100 | hack-squat~ 3×12-16@77.5 | cable-crunch 3×15-17@35",
      "Upper — Chest & Back: bench-press 4×7-9@55 | barbell-row 4×7-9@52.5 | overhead-press 3×10-12@35 | barbell-curl 3×14-16@15 | rope-tricep-pushdown 3×14-16@15",
      "Lower — Squat Focus: squat 4×7-9@85 | deadlift 4×7-9@100 | hack-squat~ 3×14-18@77.5 | cable-crunch 3×14-16@35",
    ],
    "splitType": "ppl_ul",
    "volume": {
      "Back": "29.5 (HIGH)",
      "Biceps": "16 (HIGH)",
      "Chest": "15.5 (HIGH)",
      "Core": "22 (HIGH)",
      "Glutes": "11 (ok)",
      "Hamstrings": "8 (ok)",
      "Quads": "14 (ok)",
      "Shoulders": "20 (HIGH)",
      "Triceps": "17.5 (HIGH)",
    },
  },
  {
    "config": "5d/full_gym/hypertrophy",
    "days": [
      "Pull — Lat Focus",
      "Push — Chest Focus",
      "Legs — Squat Focus",
      "Upper — Chest & Back",
      "Lower — Squat Focus",
    ],
    "prescription": [
      "Pull — Lat Focus: pull-ups 4×6-10@0 | barbell-row 3×10-14@52.5 | lat-pulldown~ 3×10-13@45 | barbell-curl 3×10-14@15 | cable-curl~ 5×13-16@12.5",
      "Push — Chest Focus: bench-press 4×6-10@55 | overhead-press 3×10-14@35 | db-bench~ 3×10-13@20 | rope-tricep-pushdown 3×10-14@15 | skull-crushers~ 3×13-16@10",
      "Legs — Squat Focus: squat 4×8-12@85 | deadlift 4×8-12@100 | hack-squat~ 3×12-15@77.5 | cable-crunch 3×15-19@35",
      "Upper — Chest & Back: bench-press 4×10-14@55 | barbell-row 4×10-14@52.5 | overhead-press 3×14-18@35 | barbell-curl 3×14-18@15 | rope-tricep-pushdown 3×14-18@15",
      "Lower — Squat Focus: squat 4×10-14@85 | deadlift 4×10-14@100 | hack-squat~ 3×14-17@77.5 | cable-crunch 3×14-18@35",
    ],
    "splitType": "ppl_ul",
    "volume": {
      "Back": "29.5 (HIGH)",
      "Biceps": "18 (ok)",
      "Chest": "15.5 (ok)",
      "Core": "22 (HIGH)",
      "Glutes": "11 (LOW)",
      "Hamstrings": "8 (LOW)",
      "Quads": "14 (ok)",
      "Shoulders": "20 (ok)",
      "Triceps": "17.5 (ok)",
    },
  },
  {
    "config": "5d/full_gym/fat_loss",
    "days": [
      "Pull — Lat Focus",
      "Push — Chest Focus",
      "Legs — Squat Focus",
      "Upper — Chest & Back",
      "Lower — Squat Focus",
    ],
    "prescription": [
      "Pull — Lat Focus: pull-ups 4×10-13@0 | barbell-row 3×13-16@52.5 | lat-pulldown~ 3×10-15@45 | barbell-curl 3×10-13@15 | cable-curl~ 3×13-18@12.5",
      "Push — Chest Focus: bench-press 4×10-13@55 | overhead-press 3×13-16@35 | db-bench~ 3×10-15@20 | rope-tricep-pushdown 3×10-13@15 | skull-crushers~ 3×13-18@10",
      "Legs — Squat Focus: squat 4×12-15@85 | deadlift 4×12-15@100 | hack-squat~ 3×12-17@77.5 | cable-crunch 3×15-18@35",
      "Upper — Chest & Back: bench-press 4×14-17@55 | barbell-row 4×14-17@52.5 | overhead-press 3×17-20@35 | barbell-curl 3×14-17@15 | rope-tricep-pushdown 3×14-17@15",
      "Lower — Squat Focus: squat 4×14-17@85 | deadlift 4×14-17@100 | hack-squat~ 3×14-19@77.5 | cable-crunch 3×14-17@35",
    ],
    "splitType": "ppl_ul",
    "volume": {
      "Back": "29.5 (HIGH)",
      "Biceps": "16 (HIGH)",
      "Chest": "15.5 (HIGH)",
      "Core": "22 (HIGH)",
      "Glutes": "11 (ok)",
      "Hamstrings": "8 (ok)",
      "Quads": "14 (ok)",
      "Shoulders": "20 (HIGH)",
      "Triceps": "17.5 (HIGH)",
    },
  },
  {
    "config": "5d/full_gym/general",
    "days": [
      "Pull — Lat Focus",
      "Push — Chest Focus",
      "Legs — Squat Focus",
      "Upper — Chest & Back",
      "Lower — Squat Focus",
    ],
    "prescription": [
      "Pull — Lat Focus: pull-ups 4×6-10@0 | barbell-row 3×10-14@52.5 | lat-pulldown~ 3×10-13@45 | barbell-curl 3×10-14@15 | cable-curl~ 3×13-16@12.5",
      "Push — Chest Focus: bench-press 4×6-10@55 | overhead-press 3×10-14@35 | db-bench~ 3×10-13@20 | rope-tricep-pushdown 3×10-14@15 | skull-crushers~ 3×13-16@10",
      "Legs — Squat Focus: squat 4×8-12@85 | deadlift 4×8-12@100 | hack-squat~ 3×12-15@77.5 | cable-crunch 3×15-19@35",
      "Upper — Chest & Back: bench-press 4×10-14@55 | barbell-row 4×10-14@52.5 | overhead-press 3×14-18@35 | barbell-curl 3×14-18@15 | rope-tricep-pushdown 3×14-18@15",
      "Lower — Squat Focus: squat 4×10-14@85 | deadlift 4×10-14@100 | hack-squat~ 3×14-17@77.5 | cable-crunch 3×14-18@35",
    ],
    "splitType": "ppl_ul",
    "volume": {
      "Back": "29.5 (HIGH)",
      "Biceps": "16 (ok)",
      "Chest": "15.5 (ok)",
      "Core": "22 (HIGH)",
      "Glutes": "11 (ok)",
      "Hamstrings": "8 (ok)",
      "Quads": "14 (ok)",
      "Shoulders": "20 (HIGH)",
      "Triceps": "17.5 (HIGH)",
    },
  },
  {
    "config": "5d/full_gym/running",
    "days": [
      "Pull — Lat Focus",
      "Push — Chest Focus",
      "Legs — Squat Focus",
      "Upper — Chest & Back",
      "Lower — Squat Focus",
    ],
    "prescription": [
      "Pull — Lat Focus: pull-ups 3×6-10@0 | barbell-row 3×10-14@52.5 | lat-pulldown~ 3×10-13@45 | barbell-curl 3×10-14@15 | cable-curl~ 3×13-16@12.5",
      "Push — Chest Focus: bench-press 3×6-10@55 | overhead-press 3×10-14@35 | db-bench~ 3×10-13@20 | rope-tricep-pushdown 3×10-14@15 | skull-crushers~ 3×13-16@10",
      "Legs — Squat Focus: squat 3×8-12@85 | deadlift 3×8-12@100 | hack-squat~ 3×12-15@77.5 | cable-crunch 3×15-19@35",
      "Upper — Chest & Back: bench-press 3×10-14@55 | barbell-row 3×10-14@52.5 | overhead-press 3×14-18@35 | barbell-curl 3×14-18@15 | rope-tricep-pushdown 3×14-18@15",
      "Lower — Squat Focus: squat 3×10-14@85 | deadlift 3×10-14@100 | hack-squat~ 3×14-17@77.5 | cable-crunch 3×14-18@35",
    ],
    "splitType": "ppl_ul",
    "volume": {
      "Back": "24 (HIGH)",
      "Biceps": "15 (HIGH)",
      "Chest": "13.5 (ok)",
      "Core": "19.5 (HIGH)",
      "Glutes": "9 (ok)",
      "Hamstrings": "6 (ok)",
      "Quads": "12 (ok)",
      "Shoulders": "18 (HIGH)",
      "Triceps": "16.5 (HIGH)",
    },
  },
  {
    "config": "5d/home_gym/strength",
    "days": [
      "Pull — Lat Focus",
      "Push — Chest Focus",
      "Legs — Squat Focus",
      "Upper — Chest & Back",
      "Lower — Squat Focus",
    ],
    "prescription": [
      "Pull — Lat Focus: pull-ups 4×3-5@0 | db-row 3×6-8@20 | chin-ups~ 3×10-14@0 | db-curl 3×10-12@5 | hammer-curl~ 3×13-17@5",
      "Push — Chest Focus: incline-db-press 4×3-5@17.5 | db-shoulder-press 3×6-8@12.5 | db-bench~ 3×10-14@20 | overhead-extension 3×10-12@10 | tricep-dips~ 3×13-17@0",
      "Legs — Squat Focus: bulgarian-split 4×5-7@22.5 | db-rdl 4×5-7@25 | goblet-squat~ 3×12-16@25 | leg-raise 3×15-17@0",
      "Upper — Chest & Back: db-bench 4×7-9@20 | db-row 4×7-9@20 | db-shoulder-press 3×10-12@12.5 | db-curl 3×14-16@5 | overhead-extension 3×14-16@10",
      "Lower — Squat Focus: bulgarian-split 4×7-9@22.5 | db-rdl 4×7-9@25 | goblet-squat~ 3×14-18@25 | leg-raise 3×14-16@0",
    ],
    "splitType": "ppl_ul",
    "volume": {
      "Back": "21.5 (HIGH)",
      "Biceps": "16 (HIGH)",
      "Chest": "15.5 (HIGH)",
      "Core": "15.5 (HIGH)",
      "Glutes": "11 (ok)",
      "Hamstrings": "12 (ok)",
      "Quads": "17 (HIGH)",
      "Shoulders": "21.5 (HIGH)",
      "Triceps": "17.5 (HIGH)",
    },
  },
  {
    "config": "5d/home_gym/hypertrophy",
    "days": [
      "Pull — Lat Focus",
      "Push — Chest Focus",
      "Legs — Squat Focus",
      "Upper — Chest & Back",
      "Lower — Squat Focus",
    ],
    "prescription": [
      "Pull — Lat Focus: pull-ups 4×6-10@0 | db-row 3×10-14@20 | chin-ups~ 3×10-13@0 | db-curl 3×10-14@5 | hammer-curl~ 5×13-16@5",
      "Push — Chest Focus: incline-db-press 4×6-10@17.5 | db-shoulder-press 3×10-14@12.5 | db-bench~ 3×10-13@20 | overhead-extension 3×10-14@10 | tricep-dips~ 3×13-16@0",
      "Legs — Squat Focus: bulgarian-split 4×8-12@22.5 | db-rdl 4×8-12@25 | goblet-squat~ 3×12-15@25 | leg-raise 3×15-19@0",
      "Upper — Chest & Back: db-bench 4×10-14@20 | db-row 4×10-14@20 | db-shoulder-press 3×14-18@12.5 | db-curl 3×14-18@5 | overhead-extension 3×14-18@10",
      "Lower — Squat Focus: bulgarian-split 4×10-14@22.5 | db-rdl 4×10-14@25 | goblet-squat~ 3×14-17@25 | leg-raise 3×14-18@0",
    ],
    "splitType": "ppl_ul",
    "volume": {
      "Back": "21.5 (HIGH)",
      "Biceps": "18 (ok)",
      "Chest": "15.5 (ok)",
      "Core": "15.5 (ok)",
      "Glutes": "11 (LOW)",
      "Hamstrings": "12 (ok)",
      "Quads": "17 (ok)",
      "Shoulders": "21.5 (HIGH)",
      "Triceps": "17.5 (ok)",
    },
  },
  {
    "config": "5d/home_gym/fat_loss",
    "days": [
      "Pull — Lat Focus",
      "Push — Chest Focus",
      "Legs — Squat Focus",
      "Upper — Chest & Back",
      "Lower — Squat Focus",
    ],
    "prescription": [
      "Pull — Lat Focus: pull-ups 4×10-13@0 | db-row 3×13-16@20 | chin-ups~ 3×10-15@0 | db-curl 3×10-13@5 | hammer-curl~ 3×13-18@5",
      "Push — Chest Focus: incline-db-press 4×10-13@17.5 | db-shoulder-press 3×13-16@12.5 | db-bench~ 3×10-15@20 | overhead-extension 3×10-13@10 | tricep-dips~ 3×13-18@0",
      "Legs — Squat Focus: bulgarian-split 4×12-15@22.5 | db-rdl 4×12-15@25 | goblet-squat~ 3×12-17@25 | leg-raise 3×15-18@0",
      "Upper — Chest & Back: db-bench 4×14-17@20 | db-row 4×14-17@20 | db-shoulder-press 3×17-20@12.5 | db-curl 3×14-17@5 | overhead-extension 3×14-17@10",
      "Lower — Squat Focus: bulgarian-split 4×14-17@22.5 | db-rdl 4×14-17@25 | goblet-squat~ 3×14-19@25 | leg-raise 3×14-17@0",
    ],
    "splitType": "ppl_ul",
    "volume": {
      "Back": "21.5 (HIGH)",
      "Biceps": "16 (HIGH)",
      "Chest": "15.5 (HIGH)",
      "Core": "15.5 (HIGH)",
      "Glutes": "11 (ok)",
      "Hamstrings": "12 (ok)",
      "Quads": "17 (HIGH)",
      "Shoulders": "21.5 (HIGH)",
      "Triceps": "17.5 (HIGH)",
    },
  },
  {
    "config": "5d/home_gym/general",
    "days": [
      "Pull — Lat Focus",
      "Push — Chest Focus",
      "Legs — Squat Focus",
      "Upper — Chest & Back",
      "Lower — Squat Focus",
    ],
    "prescription": [
      "Pull — Lat Focus: pull-ups 4×6-10@0 | db-row 3×10-14@20 | chin-ups~ 3×10-13@0 | db-curl 3×10-14@5 | hammer-curl~ 3×13-16@5",
      "Push — Chest Focus: incline-db-press 4×6-10@17.5 | db-shoulder-press 3×10-14@12.5 | db-bench~ 3×10-13@20 | overhead-extension 3×10-14@10 | tricep-dips~ 3×13-16@0",
      "Legs — Squat Focus: bulgarian-split 4×8-12@22.5 | db-rdl 4×8-12@25 | goblet-squat~ 3×12-15@25 | leg-raise 3×15-19@0",
      "Upper — Chest & Back: db-bench 4×10-14@20 | db-row 4×10-14@20 | db-shoulder-press 3×14-18@12.5 | db-curl 3×14-18@5 | overhead-extension 3×14-18@10",
      "Lower — Squat Focus: bulgarian-split 4×10-14@22.5 | db-rdl 4×10-14@25 | goblet-squat~ 3×14-17@25 | leg-raise 3×14-18@0",
    ],
    "splitType": "ppl_ul",
    "volume": {
      "Back": "21.5 (HIGH)",
      "Biceps": "16 (ok)",
      "Chest": "15.5 (ok)",
      "Core": "15.5 (ok)",
      "Glutes": "11 (ok)",
      "Hamstrings": "12 (ok)",
      "Quads": "17 (HIGH)",
      "Shoulders": "21.5 (HIGH)",
      "Triceps": "17.5 (HIGH)",
    },
  },
  {
    "config": "5d/home_gym/running",
    "days": [
      "Pull — Lat Focus",
      "Push — Chest Focus",
      "Legs — Squat Focus",
      "Upper — Chest & Back",
      "Lower — Squat Focus",
    ],
    "prescription": [
      "Pull — Lat Focus: pull-ups 3×6-10@0 | db-row 3×10-14@20 | chin-ups~ 3×10-13@0 | db-curl 3×10-14@5 | hammer-curl~ 3×13-16@5",
      "Push — Chest Focus: incline-db-press 3×6-10@17.5 | db-shoulder-press 3×10-14@12.5 | db-bench~ 3×10-13@20 | overhead-extension 3×10-14@10 | tricep-dips~ 3×13-16@0",
      "Legs — Squat Focus: bulgarian-split 3×8-12@22.5 | db-rdl 3×8-12@25 | goblet-squat~ 3×12-15@25 | leg-raise 3×15-19@0",
      "Upper — Chest & Back: db-bench 3×10-14@20 | db-row 3×10-14@20 | db-shoulder-press 3×14-18@12.5 | db-curl 3×14-18@5 | overhead-extension 3×14-18@10",
      "Lower — Squat Focus: bulgarian-split 3×10-14@22.5 | db-rdl 3×10-14@25 | goblet-squat~ 3×14-17@25 | leg-raise 3×14-18@0",
    ],
    "splitType": "ppl_ul",
    "volume": {
      "Back": "18 (HIGH)",
      "Biceps": "15 (HIGH)",
      "Chest": "13.5 (ok)",
      "Core": "15 (HIGH)",
      "Glutes": "9 (ok)",
      "Hamstrings": "9 (ok)",
      "Quads": "15 (HIGH)",
      "Shoulders": "19.5 (HIGH)",
      "Triceps": "16.5 (HIGH)",
    },
  },
  {
    "config": "5d/minimal/strength",
    "days": [
      "Pull — Lat Focus",
      "Push — Chest Focus",
      "Legs — Squat Focus",
      "Upper — Chest & Back",
      "Lower — Squat Focus",
    ],
    "prescription": [
      "Pull — Lat Focus: pull-ups 4×3-5@0 | db-row 3×6-8@20 | chin-ups~ 3×10-14@0 | db-curl 3×10-12@5 | hammer-curl~ 3×13-17@5",
      "Push — Chest Focus: incline-db-press 4×3-5@17.5 | db-shoulder-press 3×6-8@12.5 | db-bench~ 3×10-14@20 | overhead-extension 3×10-12@10 | tricep-dips~ 3×13-17@0",
      "Legs — Squat Focus: bulgarian-split 4×5-7@22.5 | db-rdl 4×5-7@25 | goblet-squat~ 3×12-16@25 | leg-raise 3×15-17@0",
      "Upper — Chest & Back: db-bench 4×7-9@20 | db-row 4×7-9@20 | db-shoulder-press 3×10-12@12.5 | db-curl 3×14-16@5 | overhead-extension 3×14-16@10",
      "Lower — Squat Focus: bulgarian-split 4×7-9@22.5 | db-rdl 4×7-9@25 | goblet-squat~ 3×14-18@25 | leg-raise 3×14-16@0",
    ],
    "splitType": "ppl_ul",
    "volume": {
      "Back": "21.5 (HIGH)",
      "Biceps": "16 (HIGH)",
      "Chest": "15.5 (HIGH)",
      "Core": "15.5 (HIGH)",
      "Glutes": "11 (ok)",
      "Hamstrings": "12 (ok)",
      "Quads": "17 (HIGH)",
      "Shoulders": "21.5 (HIGH)",
      "Triceps": "17.5 (HIGH)",
    },
  },
  {
    "config": "5d/minimal/hypertrophy",
    "days": [
      "Pull — Lat Focus",
      "Push — Chest Focus",
      "Legs — Squat Focus",
      "Upper — Chest & Back",
      "Lower — Squat Focus",
    ],
    "prescription": [
      "Pull — Lat Focus: pull-ups 4×6-10@0 | db-row 3×10-14@20 | chin-ups~ 3×10-13@0 | db-curl 3×10-14@5 | hammer-curl~ 5×13-16@5",
      "Push — Chest Focus: incline-db-press 4×6-10@17.5 | db-shoulder-press 3×10-14@12.5 | db-bench~ 3×10-13@20 | overhead-extension 3×10-14@10 | tricep-dips~ 3×13-16@0",
      "Legs — Squat Focus: bulgarian-split 4×8-12@22.5 | db-rdl 4×8-12@25 | goblet-squat~ 3×12-15@25 | leg-raise 3×15-19@0",
      "Upper — Chest & Back: db-bench 4×10-14@20 | db-row 4×10-14@20 | db-shoulder-press 3×14-18@12.5 | db-curl 3×14-18@5 | overhead-extension 3×14-18@10",
      "Lower — Squat Focus: bulgarian-split 4×10-14@22.5 | db-rdl 4×10-14@25 | goblet-squat~ 3×14-17@25 | leg-raise 3×14-18@0",
    ],
    "splitType": "ppl_ul",
    "volume": {
      "Back": "21.5 (HIGH)",
      "Biceps": "18 (ok)",
      "Chest": "15.5 (ok)",
      "Core": "15.5 (ok)",
      "Glutes": "11 (LOW)",
      "Hamstrings": "12 (ok)",
      "Quads": "17 (ok)",
      "Shoulders": "21.5 (HIGH)",
      "Triceps": "17.5 (ok)",
    },
  },
  {
    "config": "5d/minimal/fat_loss",
    "days": [
      "Pull — Lat Focus",
      "Push — Chest Focus",
      "Legs — Squat Focus",
      "Upper — Chest & Back",
      "Lower — Squat Focus",
    ],
    "prescription": [
      "Pull — Lat Focus: pull-ups 4×10-13@0 | db-row 3×13-16@20 | chin-ups~ 3×10-15@0 | db-curl 3×10-13@5 | hammer-curl~ 3×13-18@5",
      "Push — Chest Focus: incline-db-press 4×10-13@17.5 | db-shoulder-press 3×13-16@12.5 | db-bench~ 3×10-15@20 | overhead-extension 3×10-13@10 | tricep-dips~ 3×13-18@0",
      "Legs — Squat Focus: bulgarian-split 4×12-15@22.5 | db-rdl 4×12-15@25 | goblet-squat~ 3×12-17@25 | leg-raise 3×15-18@0",
      "Upper — Chest & Back: db-bench 4×14-17@20 | db-row 4×14-17@20 | db-shoulder-press 3×17-20@12.5 | db-curl 3×14-17@5 | overhead-extension 3×14-17@10",
      "Lower — Squat Focus: bulgarian-split 4×14-17@22.5 | db-rdl 4×14-17@25 | goblet-squat~ 3×14-19@25 | leg-raise 3×14-17@0",
    ],
    "splitType": "ppl_ul",
    "volume": {
      "Back": "21.5 (HIGH)",
      "Biceps": "16 (HIGH)",
      "Chest": "15.5 (HIGH)",
      "Core": "15.5 (HIGH)",
      "Glutes": "11 (ok)",
      "Hamstrings": "12 (ok)",
      "Quads": "17 (HIGH)",
      "Shoulders": "21.5 (HIGH)",
      "Triceps": "17.5 (HIGH)",
    },
  },
  {
    "config": "5d/minimal/general",
    "days": [
      "Pull — Lat Focus",
      "Push — Chest Focus",
      "Legs — Squat Focus",
      "Upper — Chest & Back",
      "Lower — Squat Focus",
    ],
    "prescription": [
      "Pull — Lat Focus: pull-ups 4×6-10@0 | db-row 3×10-14@20 | chin-ups~ 3×10-13@0 | db-curl 3×10-14@5 | hammer-curl~ 3×13-16@5",
      "Push — Chest Focus: incline-db-press 4×6-10@17.5 | db-shoulder-press 3×10-14@12.5 | db-bench~ 3×10-13@20 | overhead-extension 3×10-14@10 | tricep-dips~ 3×13-16@0",
      "Legs — Squat Focus: bulgarian-split 4×8-12@22.5 | db-rdl 4×8-12@25 | goblet-squat~ 3×12-15@25 | leg-raise 3×15-19@0",
      "Upper — Chest & Back: db-bench 4×10-14@20 | db-row 4×10-14@20 | db-shoulder-press 3×14-18@12.5 | db-curl 3×14-18@5 | overhead-extension 3×14-18@10",
      "Lower — Squat Focus: bulgarian-split 4×10-14@22.5 | db-rdl 4×10-14@25 | goblet-squat~ 3×14-17@25 | leg-raise 3×14-18@0",
    ],
    "splitType": "ppl_ul",
    "volume": {
      "Back": "21.5 (HIGH)",
      "Biceps": "16 (ok)",
      "Chest": "15.5 (ok)",
      "Core": "15.5 (ok)",
      "Glutes": "11 (ok)",
      "Hamstrings": "12 (ok)",
      "Quads": "17 (HIGH)",
      "Shoulders": "21.5 (HIGH)",
      "Triceps": "17.5 (HIGH)",
    },
  },
  {
    "config": "5d/minimal/running",
    "days": [
      "Pull — Lat Focus",
      "Push — Chest Focus",
      "Legs — Squat Focus",
      "Upper — Chest & Back",
      "Lower — Squat Focus",
    ],
    "prescription": [
      "Pull — Lat Focus: pull-ups 3×6-10@0 | db-row 3×10-14@20 | chin-ups~ 3×10-13@0 | db-curl 3×10-14@5 | hammer-curl~ 3×13-16@5",
      "Push — Chest Focus: incline-db-press 3×6-10@17.5 | db-shoulder-press 3×10-14@12.5 | db-bench~ 3×10-13@20 | overhead-extension 3×10-14@10 | tricep-dips~ 3×13-16@0",
      "Legs — Squat Focus: bulgarian-split 3×8-12@22.5 | db-rdl 3×8-12@25 | goblet-squat~ 3×12-15@25 | leg-raise 3×15-19@0",
      "Upper — Chest & Back: db-bench 3×10-14@20 | db-row 3×10-14@20 | db-shoulder-press 3×14-18@12.5 | db-curl 3×14-18@5 | overhead-extension 3×14-18@10",
      "Lower — Squat Focus: bulgarian-split 3×10-14@22.5 | db-rdl 3×10-14@25 | goblet-squat~ 3×14-17@25 | leg-raise 3×14-18@0",
    ],
    "splitType": "ppl_ul",
    "volume": {
      "Back": "18 (HIGH)",
      "Biceps": "15 (HIGH)",
      "Chest": "13.5 (ok)",
      "Core": "15 (HIGH)",
      "Glutes": "9 (ok)",
      "Hamstrings": "9 (ok)",
      "Quads": "15 (HIGH)",
      "Shoulders": "19.5 (HIGH)",
      "Triceps": "16.5 (HIGH)",
    },
  },
  {
    "config": "6d/full_gym/strength",
    "days": [
      "Pull — Lat Focus",
      "Push — Chest Focus",
      "Legs — Squat Focus",
      "Pull — Row Focus",
      "Push — Shoulder Focus",
      "Legs — Deadlift Focus",
    ],
    "prescription": [
      "Pull — Lat Focus: pull-ups 4×3-5@0 | barbell-row 3×6-8@52.5 | lat-pulldown~ 3×10-14@45 | barbell-curl 3×10-12@15 | cable-curl~ 3×13-17@12.5",
      "Push — Chest Focus: bench-press 4×3-5@55 | overhead-press 3×6-8@35 | db-bench~ 3×10-14@20 | rope-tricep-pushdown 3×10-12@15 | skull-crushers~ 3×13-17@10",
      "Legs — Squat Focus: squat 4×3-5@85 | deadlift 4×3-5@100 | hack-squat~ 3×10-14@77.5 | cable-crunch 3×13-15@35",
      "Pull — Row Focus: barbell-row 4×7-9@52.5 | lat-pulldown~ 3×10-14@45 | seated-row~ 3×14-18@47.5 | barbell-curl 3×14-16@15",
      "Push — Shoulder Focus: overhead-press 4×7-9@35 | db-bench~ 3×10-14@20 | db-shoulder-press~ 3×14-18@12.5 | rope-tricep-pushdown 3×14-16@15",
      "Legs — Deadlift Focus: deadlift 4×7-9@100 | squat 4×10-12@85 | seated-leg-curl~ 3×12-16@25 | hack-squat~ 3×12-16@77.5 | cable-crunch 3×14-16@35",
    ],
    "splitType": "ppl_x2",
    "volume": {
      "Back": "37 (HIGH)",
      "Biceps": "19 (HIGH)",
      "Calves": "1.5 (LOW)",
      "Chest": "16.5 (HIGH)",
      "Core": "22.5 (HIGH)",
      "Glutes": "11 (ok)",
      "Hamstrings": "11 (ok)",
      "Quads": "14 (ok)",
      "Shoulders": "26.5 (HIGH)",
      "Triceps": "19 (HIGH)",
    },
  },
  {
    "config": "6d/full_gym/hypertrophy",
    "days": [
      "Pull — Lat Focus",
      "Push — Chest Focus",
      "Legs — Squat Focus",
      "Pull — Row Focus",
      "Push — Shoulder Focus",
      "Legs — Deadlift Focus",
    ],
    "prescription": [
      "Pull — Lat Focus: pull-ups 4×6-10@0 | barbell-row 3×10-14@52.5 | lat-pulldown~ 3×10-13@45 | barbell-curl 3×10-14@15 | cable-curl~ 3×13-16@12.5",
      "Push — Chest Focus: bench-press 4×6-10@55 | overhead-press 3×10-14@35 | db-bench~ 3×10-13@20 | rope-tricep-pushdown 3×10-14@15 | skull-crushers~ 3×13-16@10",
      "Legs — Squat Focus: squat 4×6-10@85 | deadlift 4×6-10@100 | hack-squat~ 3×10-13@77.5 | cable-crunch 3×13-17@35",
      "Pull — Row Focus: barbell-row 4×10-14@52.5 | lat-pulldown~ 3×14-17@45 | seated-row~ 3×14-17@47.5 | barbell-curl 3×14-18@15",
      "Push — Shoulder Focus: overhead-press 4×10-14@35 | db-bench~ 3×14-17@20 | db-shoulder-press~ 3×14-17@12.5 | rope-tricep-pushdown 3×14-18@15",
      "Legs — Deadlift Focus: deadlift 4×10-14@100 | squat 4×14-18@85 | seated-leg-curl~ 4×12-15@25 | hack-squat~ 3×12-15@77.5 | cable-crunch 3×14-18@35",
    ],
    "splitType": "ppl_x2",
    "volume": {
      "Back": "37 (HIGH)",
      "Biceps": "19 (ok)",
      "Calves": "2 (LOW)",
      "Chest": "16.5 (ok)",
      "Core": "22.5 (HIGH)",
      "Glutes": "11 (LOW)",
      "Hamstrings": "12 (ok)",
      "Quads": "14 (ok)",
      "Shoulders": "26.5 (HIGH)",
      "Triceps": "19 (ok)",
    },
  },
  {
    "config": "6d/full_gym/fat_loss",
    "days": [
      "Pull — Lat Focus",
      "Push — Chest Focus",
      "Legs — Squat Focus",
      "Pull — Row Focus",
      "Push — Shoulder Focus",
      "Legs — Deadlift Focus",
    ],
    "prescription": [
      "Pull — Lat Focus: pull-ups 4×10-13@0 | barbell-row 3×13-16@52.5 | lat-pulldown~ 3×10-15@45 | barbell-curl 3×10-13@15 | cable-curl~ 3×13-18@12.5",
      "Push — Chest Focus: bench-press 4×10-13@55 | overhead-press 3×13-16@35 | db-bench~ 3×10-15@20 | rope-tricep-pushdown 3×10-13@15 | skull-crushers~ 3×13-18@10",
      "Legs — Squat Focus: squat 4×10-13@85 | deadlift 4×10-13@100 | hack-squat~ 3×10-15@77.5 | cable-crunch 3×13-16@35",
      "Pull — Row Focus: barbell-row 4×14-17@52.5 | lat-pulldown~ 3×17-20@45 | seated-row~ 3×14-19@47.5 | barbell-curl 3×14-17@15",
      "Push — Shoulder Focus: overhead-press 4×14-17@35 | db-bench~ 3×17-20@20 | db-shoulder-press~ 3×14-19@12.5 | rope-tricep-pushdown 3×14-17@15",
      "Legs — Deadlift Focus: deadlift 4×14-17@100 | squat 4×17-20@85 | seated-leg-curl~ 3×12-17@25 | hack-squat~ 3×12-17@77.5 | cable-crunch 3×14-17@35",
    ],
    "splitType": "ppl_x2",
    "volume": {
      "Back": "37 (HIGH)",
      "Biceps": "19 (HIGH)",
      "Calves": "1.5 (LOW)",
      "Chest": "16.5 (HIGH)",
      "Core": "22.5 (HIGH)",
      "Glutes": "11 (ok)",
      "Hamstrings": "11 (ok)",
      "Quads": "14 (ok)",
      "Shoulders": "26.5 (HIGH)",
      "Triceps": "19 (HIGH)",
    },
  },
  {
    "config": "6d/full_gym/general",
    "days": [
      "Pull — Lat Focus",
      "Push — Chest Focus",
      "Legs — Squat Focus",
      "Pull — Row Focus",
      "Push — Shoulder Focus",
      "Legs — Deadlift Focus",
    ],
    "prescription": [
      "Pull — Lat Focus: pull-ups 4×6-10@0 | barbell-row 3×10-14@52.5 | lat-pulldown~ 3×10-13@45 | barbell-curl 3×10-14@15 | cable-curl~ 3×13-16@12.5",
      "Push — Chest Focus: bench-press 4×6-10@55 | overhead-press 3×10-14@35 | db-bench~ 3×10-13@20 | rope-tricep-pushdown 3×10-14@15 | skull-crushers~ 3×13-16@10",
      "Legs — Squat Focus: squat 4×6-10@85 | deadlift 4×6-10@100 | hack-squat~ 3×10-13@77.5 | cable-crunch 3×13-17@35",
      "Pull — Row Focus: barbell-row 4×10-14@52.5 | lat-pulldown~ 3×14-17@45 | seated-row~ 3×14-17@47.5 | barbell-curl 3×14-18@15",
      "Push — Shoulder Focus: overhead-press 4×10-14@35 | db-bench~ 3×14-17@20 | db-shoulder-press~ 3×14-17@12.5 | rope-tricep-pushdown 3×14-18@15",
      "Legs — Deadlift Focus: deadlift 4×10-14@100 | squat 4×14-18@85 | seated-leg-curl~ 3×12-15@25 | hack-squat~ 3×12-15@77.5 | cable-crunch 3×14-18@35",
    ],
    "splitType": "ppl_x2",
    "volume": {
      "Back": "37 (HIGH)",
      "Biceps": "19 (HIGH)",
      "Calves": "1.5 (LOW)",
      "Chest": "16.5 (HIGH)",
      "Core": "22.5 (HIGH)",
      "Glutes": "11 (ok)",
      "Hamstrings": "11 (ok)",
      "Quads": "14 (ok)",
      "Shoulders": "26.5 (HIGH)",
      "Triceps": "19 (HIGH)",
    },
  },
  {
    "config": "6d/full_gym/running",
    "days": [
      "Pull — Lat Focus",
      "Push — Chest Focus",
      "Legs — Squat Focus",
      "Pull — Row Focus",
      "Push — Shoulder Focus",
      "Legs — Deadlift Focus",
    ],
    "prescription": [
      "Pull — Lat Focus: pull-ups 3×6-10@0 | barbell-row 3×10-14@52.5 | lat-pulldown~ 3×10-13@45 | barbell-curl 3×10-14@15 | cable-curl~ 3×13-16@12.5",
      "Push — Chest Focus: bench-press 3×6-10@55 | overhead-press 3×10-14@35 | db-bench~ 3×10-13@20 | rope-tricep-pushdown 3×10-14@15 | skull-crushers~ 3×13-16@10",
      "Legs — Squat Focus: squat 3×6-10@85 | deadlift 3×6-10@100 | hack-squat~ 3×10-13@77.5 | cable-crunch 3×13-17@35",
      "Pull — Row Focus: barbell-row 3×10-14@52.5 | lat-pulldown~ 3×14-17@45 | seated-row~ 3×14-17@47.5 | barbell-curl 3×14-18@15",
      "Push — Shoulder Focus: overhead-press 3×10-14@35 | db-bench~ 3×14-17@20 | db-shoulder-press~ 3×14-17@12.5 | rope-tricep-pushdown 3×14-18@15",
      "Legs — Deadlift Focus: deadlift 3×10-14@100 | squat 3×14-18@85 | seated-leg-curl~ 3×12-15@25 | hack-squat~ 3×12-15@77.5 | cable-crunch 3×14-18@35",
    ],
    "splitType": "ppl_x2",
    "volume": {
      "Back": "31.5 (HIGH)",
      "Biceps": "18 (HIGH)",
      "Calves": "1.5 (LOW)",
      "Chest": "15 (HIGH)",
      "Core": "19.5 (HIGH)",
      "Glutes": "9 (ok)",
      "Hamstrings": "9 (ok)",
      "Quads": "12 (ok)",
      "Shoulders": "24 (HIGH)",
      "Triceps": "18 (HIGH)",
    },
  },
  {
    "config": "6d/home_gym/strength",
    "days": [
      "Pull — Lat Focus",
      "Push — Chest Focus",
      "Legs — Squat Focus",
      "Pull — Row Focus",
      "Push — Shoulder Focus",
      "Legs — Deadlift Focus",
    ],
    "prescription": [
      "Pull — Lat Focus: pull-ups 4×3-5@0 | db-row 3×6-8@20 | chin-ups~ 3×10-14@0 | db-curl 3×10-12@5 | hammer-curl~ 3×13-17@5",
      "Push — Chest Focus: incline-db-press 4×3-5@17.5 | db-shoulder-press 3×6-8@12.5 | db-bench~ 3×10-14@20 | overhead-extension 3×10-12@10 | tricep-dips~ 3×13-17@0",
      "Legs — Squat Focus: bulgarian-split 4×3-5@22.5 | db-rdl 4×3-5@25 | goblet-squat~ 3×10-14@25 | leg-raise 3×13-15@0",
      "Pull — Row Focus: db-row 4×7-9@20 | pull-ups~ 3×10-14@75 | chest-supported-db-row~ 3×14-18@17.5 | db-curl 3×14-16@5",
      "Push — Shoulder Focus: arnold-press 4×7-9@10 | db-bench~ 3×10-14@20 | db-shoulder-press~ 3×14-18@12.5 | overhead-extension 3×14-16@10",
      "Legs — Deadlift Focus: db-rdl 4×7-9@25 | bulgarian-split 4×10-12@22.5 | glute-bridge~ 3×12-16@0 | goblet-squat~ 3×12-16@25 | leg-raise 3×14-16@0",
    ],
    "splitType": "ppl_x2",
    "volume": {
      "Back": "29 (HIGH)",
      "Biceps": "19 (HIGH)",
      "Chest": "16.5 (HIGH)",
      "Core": "18.5 (HIGH)",
      "Glutes": "14 (ok)",
      "Hamstrings": "13.5 (ok)",
      "Quads": "17 (HIGH)",
      "Shoulders": "28 (HIGH)",
      "Triceps": "19 (HIGH)",
    },
  },
  {
    "config": "6d/home_gym/hypertrophy",
    "days": [
      "Pull — Lat Focus",
      "Push — Chest Focus",
      "Legs — Squat Focus",
      "Pull — Row Focus",
      "Push — Shoulder Focus",
      "Legs — Deadlift Focus",
    ],
    "prescription": [
      "Pull — Lat Focus: pull-ups 4×6-10@0 | db-row 3×10-14@20 | chin-ups~ 3×10-13@0 | db-curl 3×10-14@5 | hammer-curl~ 3×13-16@5",
      "Push — Chest Focus: incline-db-press 4×6-10@17.5 | db-shoulder-press 3×10-14@12.5 | db-bench~ 3×10-13@20 | overhead-extension 3×10-14@10 | tricep-dips~ 3×13-16@0",
      "Legs — Squat Focus: bulgarian-split 4×6-10@22.5 | db-rdl 4×6-10@25 | goblet-squat~ 3×10-13@25 | leg-raise 3×13-17@0",
      "Pull — Row Focus: db-row 4×10-14@20 | pull-ups~ 3×14-17@75 | chest-supported-db-row~ 3×14-17@17.5 | db-curl 3×14-18@5",
      "Push — Shoulder Focus: arnold-press 4×10-14@10 | db-bench~ 3×14-17@20 | db-shoulder-press~ 3×14-17@12.5 | overhead-extension 3×14-18@10",
      "Legs — Deadlift Focus: db-rdl 4×10-14@25 | bulgarian-split 4×14-18@22.5 | glute-bridge~ 4×12-15@0 | goblet-squat~ 3×12-15@25 | leg-raise 3×14-18@0",
    ],
    "splitType": "ppl_x2",
    "volume": {
      "Back": "29 (HIGH)",
      "Biceps": "19 (ok)",
      "Chest": "16.5 (ok)",
      "Core": "19 (ok)",
      "Glutes": "15 (ok)",
      "Hamstrings": "14 (ok)",
      "Quads": "17 (ok)",
      "Shoulders": "28 (HIGH)",
      "Triceps": "19 (ok)",
    },
  },
  {
    "config": "6d/home_gym/fat_loss",
    "days": [
      "Pull — Lat Focus",
      "Push — Chest Focus",
      "Legs — Squat Focus",
      "Pull — Row Focus",
      "Push — Shoulder Focus",
      "Legs — Deadlift Focus",
    ],
    "prescription": [
      "Pull — Lat Focus: pull-ups 4×10-13@0 | db-row 3×13-16@20 | chin-ups~ 3×10-15@0 | db-curl 3×10-13@5 | hammer-curl~ 3×13-18@5",
      "Push — Chest Focus: incline-db-press 4×10-13@17.5 | db-shoulder-press 3×13-16@12.5 | db-bench~ 3×10-15@20 | overhead-extension 3×10-13@10 | tricep-dips~ 3×13-18@0",
      "Legs — Squat Focus: bulgarian-split 4×10-13@22.5 | db-rdl 4×10-13@25 | goblet-squat~ 3×10-15@25 | leg-raise 3×13-16@0",
      "Pull — Row Focus: db-row 4×14-17@20 | pull-ups~ 3×17-20@75 | chest-supported-db-row~ 3×14-19@17.5 | db-curl 3×14-17@5",
      "Push — Shoulder Focus: arnold-press 4×14-17@10 | db-bench~ 3×17-20@20 | db-shoulder-press~ 3×14-19@12.5 | overhead-extension 3×14-17@10",
      "Legs — Deadlift Focus: db-rdl 4×14-17@25 | bulgarian-split 4×17-20@22.5 | glute-bridge~ 3×12-17@0 | goblet-squat~ 3×12-17@25 | leg-raise 3×14-17@0",
    ],
    "splitType": "ppl_x2",
    "volume": {
      "Back": "29 (HIGH)",
      "Biceps": "19 (HIGH)",
      "Chest": "16.5 (HIGH)",
      "Core": "18.5 (HIGH)",
      "Glutes": "14 (ok)",
      "Hamstrings": "13.5 (ok)",
      "Quads": "17 (HIGH)",
      "Shoulders": "28 (HIGH)",
      "Triceps": "19 (HIGH)",
    },
  },
  {
    "config": "6d/home_gym/general",
    "days": [
      "Pull — Lat Focus",
      "Push — Chest Focus",
      "Legs — Squat Focus",
      "Pull — Row Focus",
      "Push — Shoulder Focus",
      "Legs — Deadlift Focus",
    ],
    "prescription": [
      "Pull — Lat Focus: pull-ups 4×6-10@0 | db-row 3×10-14@20 | chin-ups~ 3×10-13@0 | db-curl 3×10-14@5 | hammer-curl~ 3×13-16@5",
      "Push — Chest Focus: incline-db-press 4×6-10@17.5 | db-shoulder-press 3×10-14@12.5 | db-bench~ 3×10-13@20 | overhead-extension 3×10-14@10 | tricep-dips~ 3×13-16@0",
      "Legs — Squat Focus: bulgarian-split 4×6-10@22.5 | db-rdl 4×6-10@25 | goblet-squat~ 3×10-13@25 | leg-raise 3×13-17@0",
      "Pull — Row Focus: db-row 4×10-14@20 | pull-ups~ 3×14-17@75 | chest-supported-db-row~ 3×14-17@17.5 | db-curl 3×14-18@5",
      "Push — Shoulder Focus: arnold-press 4×10-14@10 | db-bench~ 3×14-17@20 | db-shoulder-press~ 3×14-17@12.5 | overhead-extension 3×14-18@10",
      "Legs — Deadlift Focus: db-rdl 4×10-14@25 | bulgarian-split 4×14-18@22.5 | glute-bridge~ 3×12-15@0 | goblet-squat~ 3×12-15@25 | leg-raise 3×14-18@0",
    ],
    "splitType": "ppl_x2",
    "volume": {
      "Back": "29 (HIGH)",
      "Biceps": "19 (HIGH)",
      "Chest": "16.5 (HIGH)",
      "Core": "18.5 (HIGH)",
      "Glutes": "14 (ok)",
      "Hamstrings": "13.5 (ok)",
      "Quads": "17 (HIGH)",
      "Shoulders": "28 (HIGH)",
      "Triceps": "19 (HIGH)",
    },
  },
  {
    "config": "6d/home_gym/running",
    "days": [
      "Pull — Lat Focus",
      "Push — Chest Focus",
      "Legs — Squat Focus",
      "Pull — Row Focus",
      "Push — Shoulder Focus",
      "Legs — Deadlift Focus",
    ],
    "prescription": [
      "Pull — Lat Focus: pull-ups 3×6-10@0 | db-row 3×10-14@20 | chin-ups~ 3×10-13@0 | db-curl 3×10-14@5 | hammer-curl~ 3×13-16@5",
      "Push — Chest Focus: incline-db-press 3×6-10@17.5 | db-shoulder-press 3×10-14@12.5 | db-bench~ 3×10-13@20 | overhead-extension 3×10-14@10 | tricep-dips~ 3×13-16@0",
      "Legs — Squat Focus: bulgarian-split 3×6-10@22.5 | db-rdl 3×6-10@25 | goblet-squat~ 3×10-13@25 | leg-raise 3×13-17@0",
      "Pull — Row Focus: db-row 3×10-14@20 | pull-ups~ 3×14-17@75 | chest-supported-db-row~ 3×14-17@17.5 | db-curl 3×14-18@5",
      "Push — Shoulder Focus: arnold-press 3×10-14@10 | db-bench~ 3×14-17@20 | db-shoulder-press~ 3×14-17@12.5 | overhead-extension 3×14-18@10",
      "Legs — Deadlift Focus: db-rdl 3×10-14@25 | bulgarian-split 3×14-18@22.5 | glute-bridge~ 3×12-15@0 | goblet-squat~ 3×12-15@25 | leg-raise 3×14-18@0",
    ],
    "splitType": "ppl_x2",
    "volume": {
      "Back": "25.5 (HIGH)",
      "Biceps": "18 (HIGH)",
      "Chest": "15 (HIGH)",
      "Core": "18 (HIGH)",
      "Glutes": "12 (ok)",
      "Hamstrings": "10.5 (ok)",
      "Quads": "15 (HIGH)",
      "Shoulders": "25.5 (HIGH)",
      "Triceps": "18 (HIGH)",
    },
  },
  {
    "config": "6d/minimal/strength",
    "days": [
      "Pull — Lat Focus",
      "Push — Chest Focus",
      "Legs — Squat Focus",
      "Pull — Row Focus",
      "Push — Shoulder Focus",
      "Legs — Deadlift Focus",
    ],
    "prescription": [
      "Pull — Lat Focus: pull-ups 4×3-5@0 | db-row 3×6-8@20 | chin-ups~ 3×10-14@0 | db-curl 3×10-12@5 | hammer-curl~ 3×13-17@5",
      "Push — Chest Focus: incline-db-press 4×3-5@17.5 | db-shoulder-press 3×6-8@12.5 | db-bench~ 3×10-14@20 | overhead-extension 3×10-12@10 | tricep-dips~ 3×13-17@0",
      "Legs — Squat Focus: bulgarian-split 4×3-5@22.5 | db-rdl 4×3-5@25 | goblet-squat~ 3×10-14@25 | leg-raise 3×13-15@0",
      "Pull — Row Focus: db-row 4×7-9@20 | pull-ups~ 3×10-14@75 | chest-supported-db-row~ 3×14-18@17.5 | db-curl 3×14-16@5",
      "Push — Shoulder Focus: arnold-press 4×7-9@10 | db-bench~ 3×10-14@20 | db-shoulder-press~ 3×14-18@12.5 | overhead-extension 3×14-16@10",
      "Legs — Deadlift Focus: db-rdl 4×7-9@25 | bulgarian-split 4×10-12@22.5 | glute-bridge~ 3×12-16@0 | goblet-squat~ 3×12-16@25 | leg-raise 3×14-16@0",
    ],
    "splitType": "ppl_x2",
    "volume": {
      "Back": "29 (HIGH)",
      "Biceps": "19 (HIGH)",
      "Chest": "16.5 (HIGH)",
      "Core": "18.5 (HIGH)",
      "Glutes": "14 (ok)",
      "Hamstrings": "13.5 (ok)",
      "Quads": "17 (HIGH)",
      "Shoulders": "28 (HIGH)",
      "Triceps": "19 (HIGH)",
    },
  },
  {
    "config": "6d/minimal/hypertrophy",
    "days": [
      "Pull — Lat Focus",
      "Push — Chest Focus",
      "Legs — Squat Focus",
      "Pull — Row Focus",
      "Push — Shoulder Focus",
      "Legs — Deadlift Focus",
    ],
    "prescription": [
      "Pull — Lat Focus: pull-ups 4×6-10@0 | db-row 3×10-14@20 | chin-ups~ 3×10-13@0 | db-curl 3×10-14@5 | hammer-curl~ 3×13-16@5",
      "Push — Chest Focus: incline-db-press 4×6-10@17.5 | db-shoulder-press 3×10-14@12.5 | db-bench~ 3×10-13@20 | overhead-extension 3×10-14@10 | tricep-dips~ 3×13-16@0",
      "Legs — Squat Focus: bulgarian-split 4×6-10@22.5 | db-rdl 4×6-10@25 | goblet-squat~ 3×10-13@25 | leg-raise 3×13-17@0",
      "Pull — Row Focus: db-row 4×10-14@20 | pull-ups~ 3×14-17@75 | chest-supported-db-row~ 3×14-17@17.5 | db-curl 3×14-18@5",
      "Push — Shoulder Focus: arnold-press 4×10-14@10 | db-bench~ 3×14-17@20 | db-shoulder-press~ 3×14-17@12.5 | overhead-extension 3×14-18@10",
      "Legs — Deadlift Focus: db-rdl 4×10-14@25 | bulgarian-split 4×14-18@22.5 | glute-bridge~ 4×12-15@0 | goblet-squat~ 3×12-15@25 | leg-raise 3×14-18@0",
    ],
    "splitType": "ppl_x2",
    "volume": {
      "Back": "29 (HIGH)",
      "Biceps": "19 (ok)",
      "Chest": "16.5 (ok)",
      "Core": "19 (ok)",
      "Glutes": "15 (ok)",
      "Hamstrings": "14 (ok)",
      "Quads": "17 (ok)",
      "Shoulders": "28 (HIGH)",
      "Triceps": "19 (ok)",
    },
  },
  {
    "config": "6d/minimal/fat_loss",
    "days": [
      "Pull — Lat Focus",
      "Push — Chest Focus",
      "Legs — Squat Focus",
      "Pull — Row Focus",
      "Push — Shoulder Focus",
      "Legs — Deadlift Focus",
    ],
    "prescription": [
      "Pull — Lat Focus: pull-ups 4×10-13@0 | db-row 3×13-16@20 | chin-ups~ 3×10-15@0 | db-curl 3×10-13@5 | hammer-curl~ 3×13-18@5",
      "Push — Chest Focus: incline-db-press 4×10-13@17.5 | db-shoulder-press 3×13-16@12.5 | db-bench~ 3×10-15@20 | overhead-extension 3×10-13@10 | tricep-dips~ 3×13-18@0",
      "Legs — Squat Focus: bulgarian-split 4×10-13@22.5 | db-rdl 4×10-13@25 | goblet-squat~ 3×10-15@25 | leg-raise 3×13-16@0",
      "Pull — Row Focus: db-row 4×14-17@20 | pull-ups~ 3×17-20@75 | chest-supported-db-row~ 3×14-19@17.5 | db-curl 3×14-17@5",
      "Push — Shoulder Focus: arnold-press 4×14-17@10 | db-bench~ 3×17-20@20 | db-shoulder-press~ 3×14-19@12.5 | overhead-extension 3×14-17@10",
      "Legs — Deadlift Focus: db-rdl 4×14-17@25 | bulgarian-split 4×17-20@22.5 | glute-bridge~ 3×12-17@0 | goblet-squat~ 3×12-17@25 | leg-raise 3×14-17@0",
    ],
    "splitType": "ppl_x2",
    "volume": {
      "Back": "29 (HIGH)",
      "Biceps": "19 (HIGH)",
      "Chest": "16.5 (HIGH)",
      "Core": "18.5 (HIGH)",
      "Glutes": "14 (ok)",
      "Hamstrings": "13.5 (ok)",
      "Quads": "17 (HIGH)",
      "Shoulders": "28 (HIGH)",
      "Triceps": "19 (HIGH)",
    },
  },
  {
    "config": "6d/minimal/general",
    "days": [
      "Pull — Lat Focus",
      "Push — Chest Focus",
      "Legs — Squat Focus",
      "Pull — Row Focus",
      "Push — Shoulder Focus",
      "Legs — Deadlift Focus",
    ],
    "prescription": [
      "Pull — Lat Focus: pull-ups 4×6-10@0 | db-row 3×10-14@20 | chin-ups~ 3×10-13@0 | db-curl 3×10-14@5 | hammer-curl~ 3×13-16@5",
      "Push — Chest Focus: incline-db-press 4×6-10@17.5 | db-shoulder-press 3×10-14@12.5 | db-bench~ 3×10-13@20 | overhead-extension 3×10-14@10 | tricep-dips~ 3×13-16@0",
      "Legs — Squat Focus: bulgarian-split 4×6-10@22.5 | db-rdl 4×6-10@25 | goblet-squat~ 3×10-13@25 | leg-raise 3×13-17@0",
      "Pull — Row Focus: db-row 4×10-14@20 | pull-ups~ 3×14-17@75 | chest-supported-db-row~ 3×14-17@17.5 | db-curl 3×14-18@5",
      "Push — Shoulder Focus: arnold-press 4×10-14@10 | db-bench~ 3×14-17@20 | db-shoulder-press~ 3×14-17@12.5 | overhead-extension 3×14-18@10",
      "Legs — Deadlift Focus: db-rdl 4×10-14@25 | bulgarian-split 4×14-18@22.5 | glute-bridge~ 3×12-15@0 | goblet-squat~ 3×12-15@25 | leg-raise 3×14-18@0",
    ],
    "splitType": "ppl_x2",
    "volume": {
      "Back": "29 (HIGH)",
      "Biceps": "19 (HIGH)",
      "Chest": "16.5 (HIGH)",
      "Core": "18.5 (HIGH)",
      "Glutes": "14 (ok)",
      "Hamstrings": "13.5 (ok)",
      "Quads": "17 (HIGH)",
      "Shoulders": "28 (HIGH)",
      "Triceps": "19 (HIGH)",
    },
  },
  {
    "config": "6d/minimal/running",
    "days": [
      "Pull — Lat Focus",
      "Push — Chest Focus",
      "Legs — Squat Focus",
      "Pull — Row Focus",
      "Push — Shoulder Focus",
      "Legs — Deadlift Focus",
    ],
    "prescription": [
      "Pull — Lat Focus: pull-ups 3×6-10@0 | db-row 3×10-14@20 | chin-ups~ 3×10-13@0 | db-curl 3×10-14@5 | hammer-curl~ 3×13-16@5",
      "Push — Chest Focus: incline-db-press 3×6-10@17.5 | db-shoulder-press 3×10-14@12.5 | db-bench~ 3×10-13@20 | overhead-extension 3×10-14@10 | tricep-dips~ 3×13-16@0",
      "Legs — Squat Focus: bulgarian-split 3×6-10@22.5 | db-rdl 3×6-10@25 | goblet-squat~ 3×10-13@25 | leg-raise 3×13-17@0",
      "Pull — Row Focus: db-row 3×10-14@20 | pull-ups~ 3×14-17@75 | chest-supported-db-row~ 3×14-17@17.5 | db-curl 3×14-18@5",
      "Push — Shoulder Focus: arnold-press 3×10-14@10 | db-bench~ 3×14-17@20 | db-shoulder-press~ 3×14-17@12.5 | overhead-extension 3×14-18@10",
      "Legs — Deadlift Focus: db-rdl 3×10-14@25 | bulgarian-split 3×14-18@22.5 | glute-bridge~ 3×12-15@0 | goblet-squat~ 3×12-15@25 | leg-raise 3×14-18@0",
    ],
    "splitType": "ppl_x2",
    "volume": {
      "Back": "25.5 (HIGH)",
      "Biceps": "18 (HIGH)",
      "Chest": "15 (HIGH)",
      "Core": "18 (HIGH)",
      "Glutes": "12 (ok)",
      "Hamstrings": "10.5 (ok)",
      "Quads": "15 (HIGH)",
      "Shoulders": "25.5 (HIGH)",
      "Triceps": "18 (HIGH)",
    },
  },
]
`;
